<html>
<body>
<pre>
<h1>µVision Build Log</h1>
<h2>Tool Versions:</h2>
IDE-Version: µVision V5.29.0.0
Copyright (C) 2019 ARM Ltd and ARM Germany GmbH. All rights reserved.
License Information: À‡Ú˚ÔÓ‚ ¬Î‡‰ËÏË, Physical Technical High school, LIC=----
 
Tool Versions:
Toolchain:       MDK-Lite  Version: 5.29.0.0
Toolchain Path:  C:\Keil_5\ARM\ARMCC\Bin
C Compiler:      Armcc.exe V5.06 update 6 (build 750)
Assembler:       Armasm.exe V5.06 update 6 (build 750)
Linker/Locator:  ArmLink.exe V5.06 update 6 (build 750)
Library Manager: ArmAr.exe V5.06 update 6 (build 750)
Hex Converter:   FromElf.exe V5.06 update 6 (build 750)
CPU DLL:         SARMCM3.DLL V5.29.0.0
Dialog DLL:      DCM.DLL V1.17.3.0
Target DLL:      STLink\ST-LINKIII-KEIL_SWO.dll V3.0.7.0
Dialog DLL:      TCM.DLL V1.36.5.0
 
<h2>Project:</h2>
F:\Documents\STM\New_New_Tests\ADC_DMA_Test\GPIO_Test.uvprojx
Project File Date:  01/19/2020

<h2>Output:</h2>
*** Using Compiler 'V5.06 update 6 (build 750)', folder: 'C:\Keil_5\ARM\ARMCC\Bin'
Build target 'Target 1'
compiling LEDS.c...
compiling main.c...
compiling My_EXTI.c...
compiling TIM.c...
compiling USART.c...
compiling ADC.c...
compiling arm_nn_activations_q15.c...
compiling arm_nn_activations_q7.c...
compiling arm_relu_q15.c...
compiling arm_relu_q7.c...
compiling arm_convolve_1x1_HWC_q7_fast_nonsquare.c...
compiling arm_convolve_HWC_q15_basic.c...
compiling CLKs.c...
compiling Hard_PWM.c...
compiling arm_convolve_HWC_q15_fast.c...
compiling arm_convolve_HWC_q7_RGB.c...
compiling arm_convolve_HWC_q7_basic_nonsquare.c...
compiling arm_convolve_HWC_q7_basic.c...
compiling arm_convolve_HWC_q7_fast.c...
compiling arm_convolve_HWC_q7_fast_nonsquare.c...
compiling arm_depthwise_conv_u8_basic_ver1.c...
compiling arm_depthwise_separable_conv_HWC_q7.c...
compiling arm_depthwise_separable_conv_HWC_q7_nonsquare.c...
compiling arm_nn_mat_mult_kernel_q7_q15.c...
compiling arm_nn_mat_mult_kernel_q7_q15_reordered.c...
compiling arm_fully_connected_mat_q7_vec_q15.c...
compiling arm_fully_connected_mat_q7_vec_q15_opt.c...
compiling arm_fully_connected_q15.c...
compiling arm_fully_connected_q15_opt.c...
compiling arm_fully_connected_q7.c...
compiling arm_fully_connected_q7_opt.c...
compiling arm_nn_mult_q15.c...
compiling arm_nn_mult_q7.c...
compiling arm_nntables.c...
compiling arm_q7_to_q15_no_shift.c...
compiling arm_q7_to_q15_reordered_no_shift.c...
compiling arm_pool_q7_HWC.c...
compiling arm_softmax_q15.c...
compiling arm_softmax_q7.c...
assembling startup_stm32f407xx.s...
compiling system_stm32f4xx.c...
linking...
Program Size: Code=3282 RO-data=442 RW-data=76 ZI-data=1732  
".\Objects\GPIO_Test.axf" - 0 Error(s), 0 Warning(s).

<h2>Software Packages used:</h2>

Package Vendor: ARM
                http://www.keil.com/pack/ARM.CMSIS.5.6.0.pack
                ARM.CMSIS.5.6.0
                CMSIS (Cortex Microcontroller Software Interface Standard)
   * Component: CORE Version: 5.3.0
   * Component: DSP Variant: Library Version: 1.7.0
   * Component: NN Lib Version: 1.2.0

Package Vendor: Keil
                http://www.keil.com/pack/Keil.STM32F4xx_DFP.2.14.0.pack
                Keil.STM32F4xx_DFP.2.14.0
                STMicroelectronics STM32F4 Series Device Support, Drivers and Examples
   * Component: Startup Version: 2.6.3

<h2>Collection of Component include folders:</h2>
  .\RTE\_Target_1
  C:\ARM\CMSIS\5.6.0\CMSIS\Core\Include
  C:\ARM\CMSIS\5.6.0\CMSIS\DSP\Include
  C:\ARM\CMSIS\5.6.0\CMSIS\NN\Include
  C:\Keil\STM32F4xx_DFP\2.14.0\Drivers\CMSIS\Device\ST\STM32F4xx\Include

<h2>Collection of Component Files used:</h2>

   * Component: ARM::CMSIS:CORE:5.3.0

   * Component: ARM::CMSIS:DSP:Library:1.7.0
      Include file:  CMSIS\DSP\Include\arm_math.h
      Library file:  CMSIS\DSP\Lib\ARM\arm_cortexM4lf_math.lib

   * Component: ARM::CMSIS:NN Lib:1.2.0
      Source file:   CMSIS\NN\Source\ConvolutionFunctions\arm_convolve_HWC_q15_fast.c
      Source file:   CMSIS\NN\Source\ConvolutionFunctions\arm_depthwise_separable_conv_HWC_q7.c
      Include file:  CMSIS\NN\Include\arm_nnfunctions.h
      Source file:   CMSIS\NN\Source\ConvolutionFunctions\arm_convolve_HWC_q7_RGB.c
      Source file:   CMSIS\NN\Source\ConvolutionFunctions\arm_depthwise_separable_conv_HWC_q7_nonsquare.c
      Source file:   CMSIS\NN\Source\ConvolutionFunctions\arm_nn_mat_mult_kernel_q7_q15.c
      Source file:   CMSIS\NN\Source\ConvolutionFunctions\arm_nn_mat_mult_kernel_q7_q15_reordered.c
      Source file:   CMSIS\NN\Source\ActivationFunctions\arm_nn_activations_q7.c
      Source file:   CMSIS\NN\Source\ActivationFunctions\arm_nn_activations_q15.c
      Source file:   CMSIS\NN\Source\ConvolutionFunctions\arm_convolve_HWC_q15_basic.c
      Source file:   CMSIS\NN\Source\ConvolutionFunctions\arm_convolve_1x1_HWC_q7_fast_nonsquare.c
      Source file:   CMSIS\NN\Source\ActivationFunctions\arm_relu_q7.c
      Source file:   CMSIS\NN\Source\ConvolutionFunctions\arm_convolve_HWC_q7_basic.c
      Source file:   CMSIS\NN\Source\ActivationFunctions\arm_relu_q15.c
      Source file:   CMSIS\NN\Source\FullyConnectedFunctions\arm_fully_connected_mat_q7_vec_q15_opt.c
      Source file:   CMSIS\NN\Source\NNSupportFunctions\arm_q7_to_q15_no_shift.c
      Source file:   CMSIS\NN\Source\NNSupportFunctions\arm_nn_mult_q7.c
      Source file:   CMSIS\NN\Source\SoftmaxFunctions\arm_softmax_q7.c
      Source file:   CMSIS\NN\Source\ConvolutionFunctions\arm_convolve_HWC_q7_basic_nonsquare.c
      Source file:   CMSIS\NN\Source\ConvolutionFunctions\arm_convolve_HWC_q7_fast_nonsquare.c
      Source file:   CMSIS\NN\Source\FullyConnectedFunctions\arm_fully_connected_q15.c
      Source file:   CMSIS\NN\Source\FullyConnectedFunctions\arm_fully_connected_q15_opt.c
      Source file:   CMSIS\NN\Source\NNSupportFunctions\arm_q7_to_q15_reordered_no_shift.c
      Source file:   CMSIS\NN\Source\NNSupportFunctions\arm_nn_mult_q15.c
      Source file:   CMSIS\NN\Source\PoolingFunctions\arm_pool_q7_HWC.c
      Source file:   CMSIS\NN\Source\FullyConnectedFunctions\arm_fully_connected_mat_q7_vec_q15.c
      Source file:   CMSIS\NN\Source\ConvolutionFunctions\arm_convolve_HWC_q7_fast.c
      Source file:   CMSIS\NN\Source\NNSupportFunctions\arm_nntables.c
      Source file:   CMSIS\NN\Source\FullyConnectedFunctions\arm_fully_connected_q7.c
      Source file:   CMSIS\NN\Source\SoftmaxFunctions\arm_softmax_q15.c
      Source file:   CMSIS\NN\Source\ConvolutionFunctions\arm_depthwise_conv_u8_basic_ver1.c
      Source file:   CMSIS\NN\Source\FullyConnectedFunctions\arm_fully_connected_q7_opt.c

   * Component: Keil::Device:Startup:2.6.3
      Source file:   Drivers\CMSIS\Device\ST\STM32F4xx\Source\Templates\arm\startup_stm32f407xx.s
      Source file:   MDK\Device\Source\ARM\STM32F40xxx_41xxx_OPT.s
      Source file:   MDK\Device\Source\ARM\STM32F4xx_OTP.s
      Include file:  Drivers\CMSIS\Device\ST\STM32F4xx\Include\stm32f4xx.h
      Source file:   Drivers\CMSIS\Device\ST\STM32F4xx\Source\Templates\system_stm32f4xx.c
Build Time Elapsed:  00:00:34
</pre>
</body>
</html>
