<html>
<body>
<pre>
<h1>µVision Build Log</h1>
<h2>Tool Versions:</h2>
IDE-Version: µVision V5.27.1.0
Copyright (C) 2019 ARM Ltd and ARM Germany GmbH. All rights reserved.
License Information: Vladimir Latypov, PTSH, LIC=----
 
Tool Versions:
Toolchain:       MDK-Lite  Version: 5.27.1.0
Toolchain Path:  C:\Keil_v5\ARM\ARMCC\Bin
C Compiler:      Armcc.exe V5.06 update 6 (build 750)
Assembler:       Armasm.exe V5.06 update 6 (build 750)
Linker/Locator:  ArmLink.exe V5.06 update 6 (build 750)
Library Manager: ArmAr.exe V5.06 update 6 (build 750)
Hex Converter:   FromElf.exe V5.06 update 6 (build 750)
CPU DLL:         SARMCM3.DLL V5.27.1.0
Dialog DLL:      DCM.DLL V1.17.2.0
Target DLL:      STLink\ST-LINKIII-KEIL_SWO.dll V3.0.6.0
Dialog DLL:      TCM.DLL V1.36.1.0
 
<h2>Project:</h2>
D:\Documents\STM\Lessons\ADC_Lesson\GPIO_Lesson.uvprojx
Project File Date:  09/04/2019

<h2>Output:</h2>
*** Using Compiler 'V5.06 update 6 (build 750)', folder: 'C:\Keil_v5\ARM\ARMCC\Bin'
Build target 'Target 1'
compiling Function_pointers_test.c...
Function_pointers_test.c(17): warning:  #1-D: last line of file ends without a newline
  }
Function_pointers_test.c: 1 warning, 0 errors
compiling LEDs.c...
compiling main.c...
Button.h(15): warning:  #1-D: last line of file ends without a newline
  #endif
EXTI.h(9): warning:  #1295-D: Deprecated declaration EXTI_Init - give arg types
  void EXTI_Init();
EXTI.h(10): warning:  #1295-D: Deprecated declaration EXTI_SysTick - give arg types
  void EXTI_SysTick();
EXTI.h(13): warning:  #1-D: last line of file ends without a newline
  #endif
ADC.h(7): warning:  #1295-D: Deprecated declaration ADC_Init - give arg types
  void ADC_Init();
ADC.h(8): warning:  #1295-D: Deprecated declaration ADC_Get_Data - give arg types
  uint16_t ADC_Get_Data();
ADC.h(10): warning:  #1-D: last line of file ends without a newline
  #endif
main.c: 7 warnings, 0 errors
compiling Button.c...
Button.h(15): warning:  #1-D: last line of file ends without a newline
  #endif
Button.c: 1 warning, 0 errors
compiling ADC.c...
Button.h(15): warning:  #1-D: last line of file ends without a newline
  #endif
EXTI.h(9): warning:  #1295-D: Deprecated declaration EXTI_Init - give arg types
  void EXTI_Init();
EXTI.h(10): warning:  #1295-D: Deprecated declaration EXTI_SysTick - give arg types
  void EXTI_SysTick();
EXTI.h(13): warning:  #1-D: last line of file ends without a newline
  #endif
ADC.h(10): warning:  #1-D: last line of file ends without a newline
  #endif
ADC.h(7): warning:  #1295-D: Deprecated declaration ADC_Init - give arg types
  void ADC_Init();
ADC.h(8): warning:  #1295-D: Deprecated declaration ADC_Get_Data - give arg types
  uint16_t ADC_Get_Data();
ADC.h(10): warning:  #1-D: last line of file ends without a newline
  #endif
ADC.c(37): warning:  #1-D: last line of file ends without a newline
  }
ADC.c: 9 warnings, 0 errors
compiling EXTI.c...
Button.h(15): warning:  #1-D: last line of file ends without a newline
  #endif
EXTI.h(13): warning:  #1-D: last line of file ends without a newline
  #endif
ADC.h(7): warning:  #1295-D: Deprecated declaration ADC_Init - give arg types
  void ADC_Init();
ADC.h(8): warning:  #1295-D: Deprecated declaration ADC_Get_Data - give arg types
  uint16_t ADC_Get_Data();
ADC.h(10): warning:  #1-D: last line of file ends without a newline
  #endif
EXTI.h(9): warning:  #1295-D: Deprecated declaration EXTI_Init - give arg types
  void EXTI_Init();
EXTI.h(10): warning:  #1295-D: Deprecated declaration EXTI_SysTick - give arg types
  void EXTI_SysTick();
EXTI.h(13): warning:  #1-D: last line of file ends without a newline
  #endif
EXTI.c: 8 warnings, 0 errors
linking...
Program Size: Code=1238 RO-data=450 RW-data=16 ZI-data=1632  
".\Objects\GPIO_Lesson.axf" - 0 Error(s), 26 Warning(s).

<h2>Software Packages used:</h2>

Package Vendor: ARM
                http://www.keil.com/pack/ARM.CMSIS.5.5.1.pack
                ARM.CMSIS.5.5.1
                CMSIS (Cortex Microcontroller Software Interface Standard)
   * Component: CORE Version: 5.2.0
   * Component: DSP Variant: Library Version: 1.6.0
   * Component: NN Lib Version: 1.1.0

Package Vendor: Keil
                http://www.keil.com/pack/Keil.STM32F4xx_DFP.2.13.0.pack
                Keil.STM32F4xx_DFP.2.13.0
                STMicroelectronics STM32F4 Series Device Support, Drivers and Examples
   * Component: Startup Version: 2.6.2

<h2>Collection of Component include folders:</h2>
  .\RTE\_Target_1
  C:\Users\Vova\AppData\Local\Arm\Packs\ARM\CMSIS\5.5.1\CMSIS\Core\Include
  C:\Users\Vova\AppData\Local\Arm\Packs\ARM\CMSIS\5.5.1\CMSIS\DSP\Include
  C:\Users\Vova\AppData\Local\Arm\Packs\ARM\CMSIS\5.5.1\CMSIS\NN\Include
  C:\Users\Vova\AppData\Local\Arm\Packs\Keil\STM32F4xx_DFP\2.13.0\Drivers\CMSIS\Device\ST\STM32F4xx\Include

<h2>Collection of Component Files used:</h2>

   * Component: ARM::CMSIS:CORE:5.2.0

   * Component: ARM::CMSIS:DSP:Library:1.6.0
      Include file:  CMSIS\DSP\Include\arm_math.h
      Library file:  CMSIS\DSP\Lib\ARM\arm_cortexM4lf_math.lib

   * Component: ARM::CMSIS:NN Lib:1.1.0
      Source file:   CMSIS\NN\Source\ActivationFunctions\arm_nn_activations_q7.c
      Source file:   CMSIS\NN\Source\ActivationFunctions\arm_nn_activations_q15.c
      Include file:  CMSIS\NN\Include\arm_nnfunctions.h
      Source file:   CMSIS\NN\Source\ConvolutionFunctions\arm_nn_mat_mult_kernel_q7_q15.c
      Source file:   CMSIS\NN\Source\FullyConnectedFunctions\arm_fully_connected_q7_opt.c
      Source file:   CMSIS\NN\Source\ConvolutionFunctions\arm_depthwise_separable_conv_HWC_q7_nonsquare.c
      Source file:   CMSIS\NN\Source\FullyConnectedFunctions\arm_fully_connected_q15.c
      Source file:   CMSIS\NN\Source\ActivationFunctions\arm_relu_q7.c
      Source file:   CMSIS\NN\Source\FullyConnectedFunctions\arm_fully_connected_mat_q7_vec_q15.c
      Source file:   CMSIS\NN\Source\SoftmaxFunctions\arm_softmax_q15.c
      Source file:   CMSIS\NN\Source\SoftmaxFunctions\arm_softmax_q7.c
      Source file:   CMSIS\NN\Source\ConvolutionFunctions\arm_convolve_HWC_q7_fast_nonsquare.c
      Source file:   CMSIS\NN\Source\NNSupportFunctions\arm_q7_to_q15_reordered_no_shift.c
      Source file:   CMSIS\NN\Source\NNSupportFunctions\arm_nntables.c
      Source file:   CMSIS\NN\Source\ConvolutionFunctions\arm_convolve_HWC_q7_basic.c
      Source file:   CMSIS\NN\Source\PoolingFunctions\arm_pool_q7_HWC.c
      Source file:   CMSIS\NN\Source\ConvolutionFunctions\arm_convolve_HWC_q7_basic_nonsquare.c
      Source file:   CMSIS\NN\Source\FullyConnectedFunctions\arm_fully_connected_mat_q7_vec_q15_opt.c
      Source file:   CMSIS\NN\Source\ActivationFunctions\arm_relu_q15.c
      Source file:   CMSIS\NN\Source\ConvolutionFunctions\arm_nn_mat_mult_kernel_q7_q15_reordered.c
      Source file:   CMSIS\NN\Source\NNSupportFunctions\arm_q7_to_q15_no_shift.c
      Source file:   CMSIS\NN\Source\NNSupportFunctions\arm_nn_mult_q15.c
      Source file:   CMSIS\NN\Source\NNSupportFunctions\arm_nn_mult_q7.c
      Source file:   CMSIS\NN\Source\FullyConnectedFunctions\arm_fully_connected_q15_opt.c
      Source file:   CMSIS\NN\Source\ConvolutionFunctions\arm_convolve_HWC_q15_basic.c
      Source file:   CMSIS\NN\Source\ConvolutionFunctions\arm_convolve_HWC_q7_RGB.c
      Source file:   CMSIS\NN\Source\ConvolutionFunctions\arm_convolve_HWC_q15_fast.c
      Source file:   CMSIS\NN\Source\ConvolutionFunctions\arm_convolve_1x1_HWC_q7_fast_nonsquare.c
      Source file:   CMSIS\NN\Source\ConvolutionFunctions\arm_convolve_HWC_q7_fast.c
      Source file:   CMSIS\NN\Source\ConvolutionFunctions\arm_depthwise_separable_conv_HWC_q7.c
      Source file:   CMSIS\NN\Source\FullyConnectedFunctions\arm_fully_connected_q7.c

   * Component: Keil::Device:Startup:2.6.2
      Source file:   MDK\Device\Source\ARM\STM32F40xxx_41xxx_OPT.s
      Source file:   Drivers\CMSIS\Device\ST\STM32F4xx\Source\Templates\arm\startup_stm32f407xx.s
      Source file:   MDK\Device\Source\ARM\STM32F4xx_OTP.s
      Include file:  Drivers\CMSIS\Device\ST\STM32F4xx\Include\stm32f4xx.h
      Source file:   Drivers\CMSIS\Device\ST\STM32F4xx\Source\Templates\system_stm32f4xx.c
Build Time Elapsed:  00:00:22
</pre>
</body>
</html>
