Component: ARM Compiler 5.06 update 6 (build 750) Tool: armlink [4d35ed]

==============================================================================

Section Cross References

    main.o(i.SysTick_Handler) refers to main.o(.data) for delay_couter
    main.o(i.delay_ms) refers to main.o(.data) for delay_couter
    main.o(i.main) refers to system_stm32f4xx.o(i.SystemCoreClockUpdate) for SystemCoreClockUpdate
    main.o(i.main) refers to leds.o(i.LEDS_ini) for LEDS_ini
    main.o(i.main) refers to adc.o(i.ADC_DMA_ini) for ADC_DMA_ini
    main.o(i.main) refers to system_stm32f4xx.o(.data) for SystemCoreClock
    my_exti.o(i.EXTI0_IRQHandler) refers to my_exti.o(.data) for presses
    my_exti.o(i.My_EXTI_SysTick) refers to my_exti.o(.data) for dreb_counter
    adc.o(i.ADC_DMA_ini) refers to adc.o(i.__NVIC_EnableIRQ) for __NVIC_EnableIRQ
    adc.o(i.ADC_DMA_ini) refers to adc.o(.bss) for ADC_in
    adc.o(i.ADC_IRQHandler) refers to adc.o(.data) for ADC_result
    adc.o(i.ADC_ini) refers to adc.o(i.__NVIC_EnableIRQ) for __NVIC_EnableIRQ
    adc.o(i.ADC_with_tim_ini) refers to adc.o(i.__NVIC_EnableIRQ) for __NVIC_EnableIRQ
    adc.o(i.DMA2_Stream0_IRQHandler) refers to adc.o(.data) for ADC_summ
    adc.o(i.DMA2_Stream0_IRQHandler) refers to adc.o(.bss) for ADC_in
    tim.o(i.TIM2_IRQHandler) refers to dflt_clz.o(x$fpl$dfltu) for __aeabi_ui2d
    tim.o(i.TIM2_IRQHandler) refers to drleqf.o(x$fpl$drleqf) for __aeabi_cdrcmple
    tim.o(i.TIM2_IRQHandler) refers to dfixu.o(x$fpl$dfixu) for __aeabi_d2uiz
    tim.o(i.TIM2_IRQHandler) refers to daddsub_clz.o(x$fpl$dadd) for __aeabi_dadd
    tim.o(i.TIM2_IRQHandler) refers to daddsub_clz.o(x$fpl$dsub) for __aeabi_dsub
    tim.o(i.TIM2_IRQHandler) refers to main.o(.data) for max_volt
    tim.o(i.TIM2_IRQHandler) refers to hard_pwm.o(.data) for PWM_point
    tim.o(i.TIM2_IRQHandler) refers to tim.o(.data) for flag
    hard_pwm.o(i.plav_vkl) refers to tim.o(i.TIM_ini) for TIM_ini
    hard_pwm.o(i.plav_vkl) refers to dflt_clz.o(x$fpl$dfltu) for __aeabi_ui2d
    hard_pwm.o(i.plav_vkl) refers to dmul.o(x$fpl$dmul) for __aeabi_dmul
    hard_pwm.o(i.plav_vkl) refers to ddiv.o(x$fpl$ddiv) for __aeabi_ddiv
    hard_pwm.o(i.plav_vkl) refers to hard_pwm.o(.data) for inc
    clks.o(i.RCC_GetClocksFreq) refers to clks.o(.data) for SYSCLK_Frequency
    arm_nn_activations_q15.o(i.arm_nn_activations_direct_q15) refers to arm_nntables.o(.constdata) for sigmoidTable_q15
    arm_nn_activations_q7.o(i.arm_nn_activations_direct_q7) refers to arm_nntables.o(.constdata) for sigmoidTable_q7
    arm_convolve_1x1_hwc_q7_fast_nonsquare.o(i.arm_convolve_1x1_HWC_q7_fast_nonsquare) refers to arm_q7_to_q15_reordered_no_shift.o(i.arm_q7_to_q15_reordered_no_shift) for arm_q7_to_q15_reordered_no_shift
    arm_convolve_1x1_hwc_q7_fast_nonsquare.o(i.arm_convolve_1x1_HWC_q7_fast_nonsquare) refers to arm_nn_mat_mult_kernel_q7_q15_reordered.o(i.arm_nn_mat_mult_kernel_q7_q15_reordered) for arm_nn_mat_mult_kernel_q7_q15_reordered
    arm_convolve_hwc_q15_basic.o(i.arm_convolve_HWC_q15_basic) refers to rt_memclr.o(.text) for __aeabi_memclr
    arm_convolve_hwc_q15_basic.o(i.arm_convolve_HWC_q15_basic) refers to rt_memcpy_v6.o(.text) for __aeabi_memcpy
    arm_convolve_hwc_q15_fast.o(i.arm_convolve_HWC_q15_fast) refers to rt_memclr.o(.text) for __aeabi_memclr
    arm_convolve_hwc_q15_fast.o(i.arm_convolve_HWC_q15_fast) refers to rt_memcpy_v6.o(.text) for __aeabi_memcpy
    arm_convolve_hwc_q7_rgb.o(i.arm_convolve_HWC_q7_RGB) refers to arm_nn_mat_mult_kernel_q7_q15.o(i.arm_nn_mat_mult_kernel_q7_q15) for arm_nn_mat_mult_kernel_q7_q15
    arm_convolve_hwc_q7_basic.o(i.arm_convolve_HWC_q7_basic) refers to rt_memclr.o(.text) for __aeabi_memclr
    arm_convolve_hwc_q7_basic.o(i.arm_convolve_HWC_q7_basic) refers to arm_q7_to_q15_no_shift.o(i.arm_q7_to_q15_no_shift) for arm_q7_to_q15_no_shift
    arm_convolve_hwc_q7_basic.o(i.arm_convolve_HWC_q7_basic) refers to arm_nn_mat_mult_kernel_q7_q15.o(i.arm_nn_mat_mult_kernel_q7_q15) for arm_nn_mat_mult_kernel_q7_q15
    arm_convolve_hwc_q7_basic_nonsquare.o(i.arm_convolve_HWC_q7_basic_nonsquare) refers to rt_memclr.o(.text) for __aeabi_memclr
    arm_convolve_hwc_q7_basic_nonsquare.o(i.arm_convolve_HWC_q7_basic_nonsquare) refers to arm_q7_to_q15_no_shift.o(i.arm_q7_to_q15_no_shift) for arm_q7_to_q15_no_shift
    arm_convolve_hwc_q7_basic_nonsquare.o(i.arm_convolve_HWC_q7_basic_nonsquare) refers to arm_nn_mat_mult_kernel_q7_q15.o(i.arm_nn_mat_mult_kernel_q7_q15) for arm_nn_mat_mult_kernel_q7_q15
    arm_convolve_hwc_q7_fast.o(i.arm_convolve_HWC_q7_fast) refers to rt_memclr.o(.text) for __aeabi_memclr
    arm_convolve_hwc_q7_fast.o(i.arm_convolve_HWC_q7_fast) refers to arm_q7_to_q15_reordered_no_shift.o(i.arm_q7_to_q15_reordered_no_shift) for arm_q7_to_q15_reordered_no_shift
    arm_convolve_hwc_q7_fast.o(i.arm_convolve_HWC_q7_fast) refers to arm_nn_mat_mult_kernel_q7_q15_reordered.o(i.arm_nn_mat_mult_kernel_q7_q15_reordered) for arm_nn_mat_mult_kernel_q7_q15_reordered
[...]
    dmul.o(x$fpl$dmul) refers to dretinf.o(x$fpl$dretinf) for __fpl_dretinf
    dmul.o(x$fpl$dmul) refers to dnaninf.o(x$fpl$dnaninf) for __fpl_dnaninf
    drleqf.o(x$fpl$drleqf) refers (Special) to usenofp.o(x$fpl$usenofp) for __I$use$fp
    drleqf.o(x$fpl$drleqf) refers to dleqf.o(x$fpl$dleqf) for __fpl_dcmple_InfNaN
    __rtentry.o(.ARM.Collect$$rtentry$$00000000) refers (Special) to __rtentry2.o(.ARM.Collect$$rtentry$$0000000A) for __rt_entry_li
    __rtentry.o(.ARM.Collect$$rtentry$$00000000) refers (Special) to __rtentry2.o(.ARM.Collect$$rtentry$$0000000D) for __rt_entry_main
    __rtentry.o(.ARM.Collect$$rtentry$$00000000) refers (Special) to __rtentry2.o(.ARM.Collect$$rtentry$$0000000C) for __rt_entry_postli_1
    __rtentry.o(.ARM.Collect$$rtentry$$00000000) refers (Special) to __rtentry2.o(.ARM.Collect$$rtentry$$00000009) for __rt_entry_postsh_1
    __rtentry.o(.ARM.Collect$$rtentry$$00000000) refers (Special) to __rtentry2.o(.ARM.Collect$$rtentry$$00000002) for __rt_entry_presh_1
    __rtentry.o(.ARM.Collect$$rtentry$$00000000) refers (Special) to __rtentry4.o(.ARM.Collect$$rtentry$$00000004) for __rt_entry_sh
    rt_memmove_w.o(.text) refers to rt_memcpy_w.o(.text) for __aeabi_memcpy4
    dleqf.o(x$fpl$dleqf) refers (Special) to usenofp.o(x$fpl$usenofp) for __I$use$fp
    dleqf.o(x$fpl$dleqf) refers to dnaninf.o(x$fpl$dnaninf) for __fpl_dnaninf
    dleqf.o(x$fpl$dleqf) refers to dcmpi.o(x$fpl$dcmpinf) for __fpl_dcmp_Inf
    dnaninf.o(x$fpl$dnaninf) refers (Special) to usenofp.o(x$fpl$usenofp) for __I$use$fp
    dretinf.o(x$fpl$dretinf) refers (Special) to usenofp.o(x$fpl$usenofp) for __I$use$fp
    __rtentry2.o(.ARM.Collect$$rtentry$$00000008) refers to boardinit2.o(.text) for _platform_post_stackheap_init
    __rtentry2.o(.ARM.Collect$$rtentry$$0000000A) refers to libinit.o(.ARM.Collect$$libinit$$00000000) for __rt_lib_init
    __rtentry2.o(.ARM.Collect$$rtentry$$0000000B) refers to boardinit3.o(.text) for _platform_post_lib_init
    __rtentry2.o(.ARM.Collect$$rtentry$$0000000D) refers to main.o(i.main) for main
    __rtentry2.o(.ARM.Collect$$rtentry$$0000000D) refers to exit.o(.text) for exit
    __rtentry2.o(.ARM.exidx) refers to __rtentry2.o(.ARM.Collect$$rtentry$$00000001) for .ARM.Collect$$rtentry$$00000001
    __rtentry2.o(.ARM.exidx) refers to __rtentry2.o(.ARM.Collect$$rtentry$$00000008) for .ARM.Collect$$rtentry$$00000008
    __rtentry2.o(.ARM.exidx) refers to __rtentry2.o(.ARM.Collect$$rtentry$$0000000A) for .ARM.Collect$$rtentry$$0000000A
    __rtentry2.o(.ARM.exidx) refers to __rtentry2.o(.ARM.Collect$$rtentry$$0000000B) for .ARM.Collect$$rtentry$$0000000B
    __rtentry2.o(.ARM.exidx) refers to __rtentry2.o(.ARM.Collect$$rtentry$$0000000D) for .ARM.Collect$$rtentry$$0000000D
    __rtentry4.o(.ARM.Collect$$rtentry$$00000004) refers to sys_stackheap_outer.o(.text) for __user_setup_stackheap
    __rtentry4.o(.ARM.exidx) refers to __rtentry4.o(.ARM.Collect$$rtentry$$00000004) for .ARM.Collect$$rtentry$$00000004
    aeabi_ldiv0_sigfpe.o(.text) refers to rt_div0.o(.text) for __rt_div0
    dcmpi.o(x$fpl$dcmpinf) refers (Special) to usenofp.o(x$fpl$usenofp) for __I$use$fp
    sys_stackheap_outer.o(.text) refers to libspace.o(.text) for __user_perproc_libspace
    sys_stackheap_outer.o(.text) refers to startup_stm32f407xx.o(.text) for __user_initial_stackheap
    rt_div0.o(.text) refers to defsig_fpe_outer.o(.text) for __rt_SIGFPE
    exit.o(.text) refers to rtexit.o(.ARM.Collect$$rtexit$$00000000) for __rt_exit
    libinit.o(.ARM.Collect$$libinit$$00000000) refers (Special) to libinit2.o(.ARM.Collect$$libinit$$0000002E) for __rt_lib_init_alloca_1
    libinit.o(.ARM.Collect$$libinit$$00000000) refers (Special) to libinit2.o(.ARM.Collect$$libinit$$0000002C) for __rt_lib_init_argv_1
    libinit.o(.ARM.Collect$$libinit$$00000000) refers (Special) to libinit2.o(.ARM.Collect$$libinit$$0000001B) for __rt_lib_init_atexit_1
    libinit.o(.ARM.Collect$$libinit$$00000000) refers (Special) to libinit2.o(.ARM.Collect$$libinit$$00000021) for __rt_lib_init_clock_1
    libinit.o(.ARM.Collect$$libinit$$00000000) refers (Special) to libinit2.o(.ARM.Collect$$libinit$$00000032) for __rt_lib_init_cpp_1
    libinit.o(.ARM.Collect$$libinit$$00000000) refers (Special) to libinit2.o(.ARM.Collect$$libinit$$00000030) for __rt_lib_init_exceptions_1
    libinit.o(.ARM.Collect$$libinit$$00000000) refers (Special) to libinit2.o(.ARM.Collect$$libinit$$00000001) for __rt_lib_init_fp_1
    libinit.o(.ARM.Collect$$libinit$$00000000) refers (Special) to libinit2.o(.ARM.Collect$$libinit$$0000001F) for __rt_lib_init_fp_trap_1
    libinit.o(.ARM.Collect$$libinit$$00000000) refers (Special) to libinit2.o(.ARM.Collect$$libinit$$00000023) for __rt_lib_init_getenv_1
    libinit.o(.ARM.Collect$$libinit$$00000000) refers (Special) to libinit2.o(.ARM.Collect$$libinit$$0000000A) for __rt_lib_init_heap_1
    libinit.o(.ARM.Collect$$libinit$$00000000) refers (Special) to libinit2.o(.ARM.Collect$$libinit$$00000011) for __rt_lib_init_lc_collate_1
    libinit.o(.ARM.Collect$$libinit$$00000000) refers (Special) to libinit2.o(.ARM.Collect$$libinit$$00000013) for __rt_lib_init_lc_ctype_1
    libinit.o(.ARM.Collect$$libinit$$00000000) refers (Special) to libinit2.o(.ARM.Collect$$libinit$$00000015) for __rt_lib_init_lc_monetary_1
    libinit.o(.ARM.Collect$$libinit$$00000000) refers (Special) to libinit2.o(.ARM.Collect$$libinit$$00000017) for __rt_lib_init_lc_numeric_1
    libinit.o(.ARM.Collect$$libinit$$00000000) refers (Special) to libinit2.o(.ARM.Collect$$libinit$$00000019) for __rt_lib_init_lc_time_1
    libinit.o(.ARM.Collect$$libinit$$00000000) refers (Special) to libinit2.o(.ARM.Collect$$libinit$$00000004) for __rt_lib_init_preinit_1
    libinit.o(.ARM.Collect$$libinit$$00000000) refers (Special) to libinit2.o(.ARM.Collect$$libinit$$0000000E) for __rt_lib_init_rand_1
    libinit.o(.ARM.Collect$$libinit$$00000000) refers (Special) to libinit2.o(.ARM.Collect$$libinit$$00000033) for __rt_lib_init_return
    libinit.o(.ARM.Collect$$libinit$$00000000) refers (Special) to libinit2.o(.ARM.Collect$$libinit$$0000001D) for __rt_lib_init_signal_1
    libinit.o(.ARM.Collect$$libinit$$00000000) refers (Special) to libinit2.o(.ARM.Collect$$libinit$$00000025) for __rt_lib_init_stdio_1
    libinit.o(.ARM.Collect$$libinit$$00000000) refers (Special) to libinit2.o(.ARM.Collect$$libinit$$0000000C) for __rt_lib_init_user_alloc_1
    libspace.o(.text) refers to libspace.o(.bss) for __libspace_start
    rtexit.o(.ARM.Collect$$rtexit$$00000000) refers (Special) to rtexit2.o(.ARM.Collect$$rtexit$$00000004) for __rt_exit_exit
    rtexit.o(.ARM.Collect$$rtexit$$00000000) refers (Special) to rtexit2.o(.ARM.Collect$$rtexit$$00000003) for __rt_exit_ls
    rtexit.o(.ARM.Collect$$rtexit$$00000000) refers (Special) to rtexit2.o(.ARM.Collect$$rtexit$$00000002) for __rt_exit_prels_1
    rtexit.o(.ARM.exidx) refers (Special) to rtexit2.o(.ARM.Collect$$rtexit$$00000004) for __rt_exit_exit
    rtexit.o(.ARM.exidx) refers (Special) to rtexit2.o(.ARM.Collect$$rtexit$$00000003) for __rt_exit_ls
    rtexit.o(.ARM.exidx) refers (Special) to rtexit2.o(.ARM.Collect$$rtexit$$00000002) for __rt_exit_prels_1
    rtexit.o(.ARM.exidx) refers to rtexit.o(.ARM.Collect$$rtexit$$00000000) for .ARM.Collect$$rtexit$$00000000
    defsig_fpe_outer.o(.text) refers to defsig_fpe_inner.o(.text) for __rt_SIGFPE_inner
    defsig_fpe_outer.o(.text) refers to defsig_exit.o(.text) for __sig_exit
    defsig_fpe_formal.o(.text) refers to rt_raise.o(.text) for __rt_raise
    libinit2.o(.ARM.Collect$$libinit$$00000001) refers to fpinit.o(x$fpl$fpinit) for _fp_init
    libinit2.o(.ARM.Collect$$libinit$$00000010) refers to libinit2.o(.ARM.Collect$$libinit$$0000000F) for .ARM.Collect$$libinit$$0000000F
    libinit2.o(.ARM.Collect$$libinit$$00000012) refers to libinit2.o(.ARM.Collect$$libinit$$0000000F) for .ARM.Collect$$libinit$$0000000F
    libinit2.o(.ARM.Collect$$libinit$$00000014) refers to libinit2.o(.ARM.Collect$$libinit$$0000000F) for .ARM.Collect$$libinit$$0000000F
    libinit2.o(.ARM.Collect$$libinit$$00000016) refers to libinit2.o(.ARM.Collect$$libinit$$0000000F) for .ARM.Collect$$libinit$$0000000F
    libinit2.o(.ARM.Collect$$libinit$$00000018) refers to libinit2.o(.ARM.Collect$$libinit$$0000000F) for .ARM.Collect$$libinit$$0000000F
    libinit2.o(.ARM.Collect$$libinit$$00000026) refers to argv_veneer.o(.emb_text) for __ARM_argv_veneer
    libinit2.o(.ARM.Collect$$libinit$$00000027) refers to argv_veneer.o(.emb_text) for __ARM_argv_veneer
    rtexit2.o(.ARM.Collect$$rtexit$$00000003) refers to libshutdown.o(.ARM.Collect$$libshutdown$$00000000) for __rt_lib_shutdown
    rtexit2.o(.ARM.Collect$$rtexit$$00000004) refers to sys_exit.o(.text) for _sys_exit
    rtexit2.o(.ARM.exidx) refers to rtexit2.o(.ARM.Collect$$rtexit$$00000001) for .ARM.Collect$$rtexit$$00000001
    rtexit2.o(.ARM.exidx) refers to rtexit2.o(.ARM.Collect$$rtexit$$00000003) for .ARM.Collect$$rtexit$$00000003
    rtexit2.o(.ARM.exidx) refers to rtexit2.o(.ARM.Collect$$rtexit$$00000004) for .ARM.Collect$$rtexit$$00000004
    rt_raise.o(.text) refers to __raise.o(.text) for __raise
    rt_raise.o(.text) refers to sys_exit.o(.text) for _sys_exit
    defsig_exit.o(.text) refers to sys_exit.o(.text) for _sys_exit
    defsig_fpe_inner.o(.text) refers to defsig_general.o(.text) for __default_signal_display
    argv_veneer.o(.emb_text) refers to no_argv.o(.text) for __ARM_get_argv
    sys_exit.o(.text) refers (Special) to use_no_semi.o(.text) for __I$use$semihosting
    sys_exit.o(.text) refers (Special) to indicate_semi.o(.text) for __semihosting_library_function
    __raise.o(.text) refers to defsig.o(CL$$defsig) for __default_signal_handler
    defsig_general.o(.text) refers to sys_wrch.o(.text) for _ttywrch
    _get_argv_nomalloc.o(.text) refers (Special) to hrguard.o(.text) for __heap_region$guard
    _get_argv_nomalloc.o(.text) refers to defsig_rtmem_outer.o(.text) for __rt_SIGRTMEM
    _get_argv_nomalloc.o(.text) refers to sys_command.o(.text) for _sys_command_string
    libshutdown.o(.ARM.Collect$$libshutdown$$00000000) refers (Special) to libshutdown2.o(.ARM.Collect$$libshutdown$$00000002) for __rt_lib_shutdown_cpp_1
    libshutdown.o(.ARM.Collect$$libshutdown$$00000000) refers (Special) to libshutdown2.o(.ARM.Collect$$libshutdown$$00000007) for __rt_lib_shutdown_fp_trap_1
    libshutdown.o(.ARM.Collect$$libshutdown$$00000000) refers (Special) to libshutdown2.o(.ARM.Collect$$libshutdown$$0000000F) for __rt_lib_shutdown_heap_1
    libshutdown.o(.ARM.Collect$$libshutdown$$00000000) refers (Special) to libshutdown2.o(.ARM.Collect$$libshutdown$$00000010) for __rt_lib_shutdown_return
    libshutdown.o(.ARM.Collect$$libshutdown$$00000000) refers (Special) to libshutdown2.o(.ARM.Collect$$libshutdown$$0000000A) for __rt_lib_shutdown_signal_1
    libshutdown.o(.ARM.Collect$$libshutdown$$00000000) refers (Special) to libshutdown2.o(.ARM.Collect$$libshutdown$$00000004) for __rt_lib_shutdown_stdio_1
    libshutdown.o(.ARM.Collect$$libshutdown$$00000000) refers (Special) to libshutdown2.o(.ARM.Collect$$libshutdown$$0000000C) for __rt_lib_shutdown_user_alloc_1
    sys_wrch.o(.text) refers (Special) to use_no_semi.o(.text) for __I$use$semihosting
    sys_wrch.o(.text) refers (Special) to indicate_semi.o(.text) for __semihosting_library_function
    sys_command.o(.text) refers (Special) to use_no_semi.o(.text) for __I$use$semihosting
    sys_command.o(.text) refers (Special) to indicate_semi.o(.text) for __semihosting_library_function
    defsig_rtmem_outer.o(.text) refers to defsig_rtmem_inner.o(.text) for __rt_SIGRTMEM_inner
    defsig_rtmem_outer.o(.text) refers to defsig_exit.o(.text) for __sig_exit
    defsig_rtmem_formal.o(.text) refers to rt_raise.o(.text) for __rt_raise
    defsig.o(CL$$defsig) refers to defsig_fpe_inner.o(.text) for __rt_SIGFPE_inner
    defsig.o(CL$$defsig) refers to defsig_rtmem_inner.o(.text) for __rt_SIGRTMEM_inner
    defsig_abrt_inner.o(.text) refers to defsig_general.o(.text) for __default_signal_display
    defsig_rtred_inner.o(.text) refers to defsig_general.o(.text) for __default_signal_display
    defsig_rtmem_inner.o(.text) refers to defsig_general.o(.text) for __default_signal_display
    defsig_stak_inner.o(.text) refers to defsig_general.o(.text) for __default_signal_display
    defsig_pvfn_inner.o(.text) refers to defsig_general.o(.text) for __default_signal_display
    defsig_cppl_inner.o(.text) refers to defsig_general.o(.text) for __default_signal_display
    defsig_segv_inner.o(.text) refers to defsig_general.o(.text) for __default_signal_display
    defsig_other.o(.text) refers to defsig_general.o(.text) for __default_signal_display


==============================================================================

Removing Unused input sections from the image.

    Removing main.o(.rev16_text), (4 bytes).
    Removing main.o(.revsh_text), (4 bytes).
    Removing main.o(.rrx_text), (6 bytes).
    Removing main.o(i.delay_ms), (20 bytes).
    Removing leds.o(.rev16_text), (4 bytes).
    Removing leds.o(.revsh_text), (4 bytes).
    Removing leds.o(.rrx_text), (6 bytes).
    Removing my_exti.o(.rev16_text), (4 bytes).
    Removing my_exti.o(.revsh_text), (4 bytes).
    Removing my_exti.o(.rrx_text), (6 bytes).
    Removing my_exti.o(i.EXTI_ini), (164 bytes).
    Removing my_exti.o(i.My_EXTI_SysTick), (92 bytes).
    Removing adc.o(.rev16_text), (4 bytes).
    Removing adc.o(.revsh_text), (4 bytes).
    Removing adc.o(.rrx_text), (6 bytes).
    Removing adc.o(i.ADC_ini), (116 bytes).
    Removing adc.o(i.ADC_start), (20 bytes).
    Removing adc.o(i.ADC_with_tim_ini), (184 bytes).
    Removing tim.o(.rev16_text), (4 bytes).
    Removing tim.o(.revsh_text), (4 bytes).
    Removing tim.o(.rrx_text), (6 bytes).
    Removing tim.o(i.TIM_ini), (92 bytes).
    Removing usart.o(.rev16_text), (4 bytes).
    Removing usart.o(.revsh_text), (4 bytes).
    Removing usart.o(.rrx_text), (6 bytes).
    Removing usart.o(i.USART_CMSIS_ini), (184 bytes).
    Removing usart.o(i.USART_ini), (120 bytes).
    Removing usart.o(i.USART_send), (12 bytes).
    Removing hard_pwm.o(.rev16_text), (4 bytes).
    Removing hard_pwm.o(.revsh_text), (4 bytes).
    Removing hard_pwm.o(.rrx_text), (6 bytes).
    Removing hard_pwm.o(i.Hard_PWM), (156 bytes).
    Removing hard_pwm.o(i.plav_vkl), (124 bytes).
    Removing clks.o(.rev16_text), (4 bytes).
    Removing clks.o(.revsh_text), (4 bytes).
    Removing clks.o(.rrx_text), (6 bytes).
    Removing clks.o(i.RCC_GetClocksFreq), (252 bytes).
    Removing clks.o(.data), (32 bytes).
    Removing arm_nn_activations_q15.o(.rev16_text), (4 bytes).
    Removing arm_nn_activations_q15.o(.revsh_text), (4 bytes).
    Removing arm_nn_activations_q15.o(.rrx_text), (6 bytes).
    Removing arm_nn_activations_q15.o(i.arm_nn_activations_direct_q15), (180 bytes).
    Removing arm_nn_activations_q7.o(.rev16_text), (4 bytes).
    Removing arm_nn_activations_q7.o(.revsh_text), (4 bytes).
    Removing arm_nn_activations_q7.o(.rrx_text), (6 bytes).
    Removing arm_nn_activations_q7.o(i.arm_nn_activations_direct_q7), (88 bytes).
    Removing arm_relu_q15.o(.rev16_text), (4 bytes).
    Removing arm_relu_q15.o(.revsh_text), (4 bytes).
    Removing arm_relu_q15.o(.rrx_text), (6 bytes).
    Removing arm_relu_q15.o(i.arm_relu_q15), (82 bytes).
    Removing arm_relu_q7.o(.rev16_text), (4 bytes).
    Removing arm_relu_q7.o(.revsh_text), (4 bytes).
    Removing arm_relu_q7.o(.rrx_text), (6 bytes).
    Removing arm_relu_q7.o(i.arm_relu_q7), (94 bytes).
    Removing arm_convolve_1x1_hwc_q7_fast_nonsquare.o(.rev16_text), (4 bytes).
    Removing arm_convolve_1x1_hwc_q7_fast_nonsquare.o(.revsh_text), (4 bytes).
    Removing arm_convolve_1x1_hwc_q7_fast_nonsquare.o(.rrx_text), (6 bytes).
    Removing arm_convolve_1x1_hwc_q7_fast_nonsquare.o(i.arm_convolve_1x1_HWC_q7_fast_nonsquare), (442 bytes).
    Removing arm_convolve_hwc_q15_basic.o(.rev16_text), (4 bytes).
    Removing arm_convolve_hwc_q15_basic.o(.revsh_text), (4 bytes).
    Removing arm_convolve_hwc_q15_basic.o(.rrx_text), (6 bytes).
    Removing arm_convolve_hwc_q15_basic.o(i.arm_convolve_HWC_q15_basic), (410 bytes).
    Removing arm_convolve_hwc_q15_fast.o(.rev16_text), (4 bytes).
    Removing arm_convolve_hwc_q15_fast.o(.revsh_text), (4 bytes).
    Removing arm_convolve_hwc_q15_fast.o(.rrx_text), (6 bytes).
    Removing arm_convolve_hwc_q15_fast.o(i.arm_convolve_HWC_q15_fast), (764 bytes).
    Removing arm_convolve_hwc_q7_rgb.o(.rev16_text), (4 bytes).
    Removing arm_convolve_hwc_q7_rgb.o(.revsh_text), (4 bytes).
    Removing arm_convolve_hwc_q7_rgb.o(.rrx_text), (6 bytes).
    Removing arm_convolve_hwc_q7_rgb.o(i.arm_convolve_HWC_q7_RGB), (562 bytes).
    Removing arm_convolve_hwc_q7_basic.o(.rev16_text), (4 bytes).
    Removing arm_convolve_hwc_q7_basic.o(.revsh_text), (4 bytes).
    Removing arm_convolve_hwc_q7_basic.o(.rrx_text), (6 bytes).
    Removing arm_convolve_hwc_q7_basic.o(i.arm_convolve_HWC_q7_basic), (528 bytes).
    Removing arm_convolve_hwc_q7_basic_nonsquare.o(.rev16_text), (4 bytes).
    Removing arm_convolve_hwc_q7_basic_nonsquare.o(.revsh_text), (4 bytes).
    Removing arm_convolve_hwc_q7_basic_nonsquare.o(.rrx_text), (6 bytes).
    Removing arm_convolve_hwc_q7_basic_nonsquare.o(i.arm_convolve_HWC_q7_basic_nonsquare), (542 bytes).
    Removing arm_convolve_hwc_q7_fast.o(.rev16_text), (4 bytes).
    Removing arm_convolve_hwc_q7_fast.o(.revsh_text), (4 bytes).
    Removing arm_convolve_hwc_q7_fast.o(.rrx_text), (6 bytes).
    Removing arm_convolve_hwc_q7_fast.o(i.arm_convolve_HWC_q7_fast), (1238 bytes).
    Removing arm_convolve_hwc_q7_fast_nonsquare.o(.rev16_text), (4 bytes).
    Removing arm_convolve_hwc_q7_fast_nonsquare.o(.revsh_text), (4 bytes).
    Removing arm_convolve_hwc_q7_fast_nonsquare.o(.rrx_text), (6 bytes).
    Removing arm_convolve_hwc_q7_fast_nonsquare.o(i.arm_convolve_HWC_q7_fast_nonsquare), (1268 bytes).
    Removing arm_depthwise_conv_u8_basic_ver1.o(.rev16_text), (4 bytes).
    Removing arm_depthwise_conv_u8_basic_ver1.o(.revsh_text), (4 bytes).
    Removing arm_depthwise_conv_u8_basic_ver1.o(.rrx_text), (6 bytes).
    Removing arm_depthwise_conv_u8_basic_ver1.o(i.arm_depthwise_conv_u8_basic_ver1), (962 bytes).
    Removing arm_depthwise_separable_conv_hwc_q7.o(.rev16_text), (4 bytes).
    Removing arm_depthwise_separable_conv_hwc_q7.o(.revsh_text), (4 bytes).
    Removing arm_depthwise_separable_conv_hwc_q7.o(.rrx_text), (6 bytes).
    Removing arm_depthwise_separable_conv_hwc_q7.o(i.arm_depthwise_separable_conv_HWC_q7), (900 bytes).
    Removing arm_depthwise_separable_conv_hwc_q7_nonsquare.o(.rev16_text), (4 bytes).
    Removing arm_depthwise_separable_conv_hwc_q7_nonsquare.o(.revsh_text), (4 bytes).
    Removing arm_depthwise_separable_conv_hwc_q7_nonsquare.o(.rrx_text), (6 bytes).
    Removing arm_depthwise_separable_conv_hwc_q7_nonsquare.o(i.arm_depthwise_separable_conv_HWC_q7_nonsquare), (902 bytes).
    Removing arm_nn_mat_mult_kernel_q7_q15.o(.rev16_text), (4 bytes).
    Removing arm_nn_mat_mult_kernel_q7_q15.o(.revsh_text), (4 bytes).
    Removing arm_nn_mat_mult_kernel_q7_q15.o(.rrx_text), (6 bytes).
    Removing arm_nn_mat_mult_kernel_q7_q15.o(i.arm_nn_mat_mult_kernel_q7_q15), (1114 bytes).
    Removing arm_nn_mat_mult_kernel_q7_q15_reordered.o(.rev16_text), (4 bytes).
    Removing arm_nn_mat_mult_kernel_q7_q15_reordered.o(.revsh_text), (4 bytes).
    Removing arm_nn_mat_mult_kernel_q7_q15_reordered.o(.rrx_text), (6 bytes).
    Removing arm_nn_mat_mult_kernel_q7_q15_reordered.o(i.arm_nn_mat_mult_kernel_q7_q15_reordered), (606 bytes).
    Removing arm_fully_connected_mat_q7_vec_q15.o(.rev16_text), (4 bytes).
    Removing arm_fully_connected_mat_q7_vec_q15.o(.revsh_text), (4 bytes).
    Removing arm_fully_connected_mat_q7_vec_q15.o(.rrx_text), (6 bytes).
    Removing arm_fully_connected_mat_q7_vec_q15.o(i.arm_fully_connected_mat_q7_vec_q15), (622 bytes).
    Removing arm_fully_connected_mat_q7_vec_q15_opt.o(.rev16_text), (4 bytes).
    Removing arm_fully_connected_mat_q7_vec_q15_opt.o(.revsh_text), (4 bytes).
    Removing arm_fully_connected_mat_q7_vec_q15_opt.o(.rrx_text), (6 bytes).
    Removing arm_fully_connected_mat_q7_vec_q15_opt.o(i.arm_fully_connected_mat_q7_vec_q15_opt), (678 bytes).
    Removing arm_fully_connected_q15.o(.rev16_text), (4 bytes).
    Removing arm_fully_connected_q15.o(.revsh_text), (4 bytes).
    Removing arm_fully_connected_q15.o(.rrx_text), (6 bytes).
    Removing arm_fully_connected_q15.o(i.arm_fully_connected_q15), (440 bytes).
    Removing arm_fully_connected_q15_opt.o(.rev16_text), (4 bytes).
    Removing arm_fully_connected_q15_opt.o(.revsh_text), (4 bytes).
    Removing arm_fully_connected_q15_opt.o(.rrx_text), (6 bytes).
    Removing arm_fully_connected_q15_opt.o(i.arm_fully_connected_q15_opt), (580 bytes).
    Removing arm_fully_connected_q7.o(.rev16_text), (4 bytes).
    Removing arm_fully_connected_q7.o(.revsh_text), (4 bytes).
    Removing arm_fully_connected_q7.o(.rrx_text), (6 bytes).
    Removing arm_fully_connected_q7.o(i.arm_fully_connected_q7), (492 bytes).
    Removing arm_fully_connected_q7_opt.o(.rev16_text), (4 bytes).
    Removing arm_fully_connected_q7_opt.o(.revsh_text), (4 bytes).
    Removing arm_fully_connected_q7_opt.o(.rrx_text), (6 bytes).
    Removing arm_fully_connected_q7_opt.o(i.arm_fully_connected_q7_opt), (574 bytes).
    Removing arm_nn_mult_q15.o(.rev16_text), (4 bytes).
    Removing arm_nn_mult_q15.o(.revsh_text), (4 bytes).
    Removing arm_nn_mult_q15.o(.rrx_text), (6 bytes).
    Removing arm_nn_mult_q15.o(i.arm_nn_mult_q15), (254 bytes).
    Removing arm_nn_mult_q7.o(.rev16_text), (4 bytes).
    Removing arm_nn_mult_q7.o(.revsh_text), (4 bytes).
    Removing arm_nn_mult_q7.o(.rrx_text), (6 bytes).
    Removing arm_nn_mult_q7.o(i.arm_nn_mult_q7), (240 bytes).
    Removing arm_nntables.o(.rev16_text), (4 bytes).
    Removing arm_nntables.o(.revsh_text), (4 bytes).
    Removing arm_nntables.o(.rrx_text), (6 bytes).
    Removing arm_nntables.o(.constdata), (2816 bytes).
    Removing arm_q7_to_q15_no_shift.o(.rev16_text), (4 bytes).
    Removing arm_q7_to_q15_no_shift.o(.revsh_text), (4 bytes).
    Removing arm_q7_to_q15_no_shift.o(.rrx_text), (6 bytes).
    Removing arm_q7_to_q15_no_shift.o(i.arm_q7_to_q15_no_shift), (80 bytes).
    Removing arm_q7_to_q15_reordered_no_shift.o(.rev16_text), (4 bytes).
    Removing arm_q7_to_q15_reordered_no_shift.o(.revsh_text), (4 bytes).
    Removing arm_q7_to_q15_reordered_no_shift.o(.rrx_text), (6 bytes).
    Removing arm_q7_to_q15_reordered_no_shift.o(i.arm_q7_to_q15_reordered_no_shift), (60 bytes).
    Removing arm_pool_q7_hwc.o(.rev16_text), (4 bytes).
    Removing arm_pool_q7_hwc.o(.revsh_text), (4 bytes).
    Removing arm_pool_q7_hwc.o(.rrx_text), (6 bytes).
    Removing arm_pool_q7_hwc.o(i.accumulate_q7_to_q15), (124 bytes).
    Removing arm_pool_q7_hwc.o(i.arm_avepool_q7_HWC), (388 bytes).
    Removing arm_pool_q7_hwc.o(i.arm_maxpool_q7_HWC), (326 bytes).
    Removing arm_pool_q7_hwc.o(i.buffer_scale_back_q15_to_q7), (28 bytes).
    Removing arm_pool_q7_hwc.o(i.compare_and_replace_if_larger_q7), (156 bytes).
    Removing arm_softmax_q15.o(.rev16_text), (4 bytes).
    Removing arm_softmax_q15.o(.revsh_text), (4 bytes).
    Removing arm_softmax_q15.o(.rrx_text), (6 bytes).
    Removing arm_softmax_q15.o(i.arm_softmax_q15), (172 bytes).
    Removing arm_softmax_q7.o(.rev16_text), (4 bytes).
    Removing arm_softmax_q7.o(.revsh_text), (4 bytes).
    Removing arm_softmax_q7.o(.rrx_text), (6 bytes).
    Removing arm_softmax_q7.o(i.arm_softmax_q7), (168 bytes).
    Removing system_stm32f4xx.o(.rev16_text), (4 bytes).
    Removing system_stm32f4xx.o(.revsh_text), (4 bytes).
    Removing system_stm32f4xx.o(.rrx_text), (6 bytes).

169 unused section(s) (total 21008 bytes) removed from the image.

==============================================================================

Image Symbol Table

    Local Symbols

    Symbol Name                              Value     Ov Type        Size  Object(Section)

    ../clib/angel/boardlib.s                 0x00000000   Number         0  boardinit2.o ABSOLUTE
    ../clib/angel/boardlib.s                 0x00000000   Number         0  boardshut.o ABSOLUTE
    ../clib/angel/boardlib.s                 0x00000000   Number         0  boardinit3.o ABSOLUTE
    ../clib/angel/boardlib.s                 0x00000000   Number         0  boardinit1.o ABSOLUTE
    ../clib/angel/handlers.s                 0x00000000   Number         0  __scatter_zi.o ABSOLUTE
    ../clib/angel/handlers.s                 0x00000000   Number         0  __scatter_copy.o ABSOLUTE
    ../clib/angel/kernel.s                   0x00000000   Number         0  rtexit.o ABSOLUTE
    ../clib/angel/kernel.s                   0x00000000   Number         0  rtexit2.o ABSOLUTE
    ../clib/angel/kernel.s                   0x00000000   Number         0  __rtentry4.o ABSOLUTE
    ../clib/angel/kernel.s                   0x00000000   Number         0  __rtentry2.o ABSOLUTE
    ../clib/angel/kernel.s                   0x00000000   Number         0  __rtentry.o ABSOLUTE
    ../clib/angel/rt.s                       0x00000000   Number         0  aeabi_ldiv0.o ABSOLUTE
    ../clib/angel/rt.s                       0x00000000   Number         0  rt_raise.o ABSOLUTE
    ../clib/angel/rt.s                       0x00000000   Number         0  aeabi_ldiv0_sigfpe.o ABSOLUTE
    ../clib/angel/rt.s                       0x00000000   Number         0  rt_div0.o ABSOLUTE
    ../clib/angel/scatter.s                  0x00000000   Number         0  __scatter.o ABSOLUTE
    ../clib/angel/startup.s                  0x00000000   Number         0  __main.o ABSOLUTE
    ../clib/angel/sys.s                      0x00000000   Number         0  use_no_semi.o ABSOLUTE
    ../clib/angel/sys.s                      0x00000000   Number         0  indicate_semi.o ABSOLUTE
    ../clib/angel/sys.s                      0x00000000   Number         0  libspace.o ABSOLUTE
    ../clib/angel/sys.s                      0x00000000   Number         0  sys_stackheap_outer.o ABSOLUTE
    ../clib/angel/sysapp.c                   0x00000000   Number         0  sys_wrch.o ABSOLUTE
    ../clib/angel/sysapp.c                   0x00000000   Number         0  sys_command.o ABSOLUTE
    ../clib/angel/sysapp.c                   0x00000000   Number         0  sys_exit.o ABSOLUTE
    ../clib/armsys.c                         0x00000000   Number         0  no_argv.o ABSOLUTE
    ../clib/armsys.c                         0x00000000   Number         0  _get_argv_nomalloc.o ABSOLUTE
    ../clib/armsys.c                         0x00000000   Number         0  argv_veneer.o ABSOLUTE
    ../clib/armsys.c                         0x00000000   Number         0  argv_veneer.o ABSOLUTE
    ../clib/heapalloc.c                      0x00000000   Number         0  hrguard.o ABSOLUTE
    ../clib/heapaux.c                        0x00000000   Number         0  heapauxi.o ABSOLUTE
    ../clib/libinit.s                        0x00000000   Number         0  libinit.o ABSOLUTE
    ../clib/libinit.s                        0x00000000   Number         0  libinit2.o ABSOLUTE
    ../clib/libinit.s                        0x00000000   Number         0  libshutdown.o ABSOLUTE
    ../clib/libinit.s                        0x00000000   Number         0  libshutdown2.o ABSOLUTE
    ../clib/longlong.s                       0x00000000   Number         0  lludivv7m.o ABSOLUTE
    ../clib/longlong.s                       0x00000000   Number         0  llsdiv.o ABSOLUTE
    ../clib/memcpset.s                       0x00000000   Number         0  rt_memmove_v6.o ABSOLUTE
    ../clib/memcpset.s                       0x00000000   Number         0  rt_memcpy_v6.o ABSOLUTE
    ../clib/memcpset.s                       0x00000000   Number         0  rt_memclr_w.o ABSOLUTE
    ../clib/memcpset.s                       0x00000000   Number         0  rt_memcpy_w.o ABSOLUTE
    ../clib/memcpset.s                       0x00000000   Number         0  rt_memmove_w.o ABSOLUTE
    ../clib/memcpset.s                       0x00000000   Number         0  rt_memclr.o ABSOLUTE
    ../clib/signal.c                         0x00000000   Number         0  defsig_pvfn_inner.o ABSOLUTE
    ../clib/signal.c                         0x00000000   Number         0  defsig_stak_inner.o ABSOLUTE
    ../clib/signal.c                         0x00000000   Number         0  defsig_rtmem_inner.o ABSOLUTE
    ../clib/signal.c                         0x00000000   Number         0  defsig_rtred_inner.o ABSOLUTE
    ../clib/signal.c                         0x00000000   Number         0  defsig_abrt_inner.o ABSOLUTE
    ../clib/signal.c                         0x00000000   Number         0  defsig_fpe_formal.o ABSOLUTE
    ../clib/signal.c                         0x00000000   Number         0  defsig_rtmem_formal.o ABSOLUTE
    ../clib/signal.c                         0x00000000   Number         0  defsig_rtmem_outer.o ABSOLUTE
    ../clib/signal.c                         0x00000000   Number         0  defsig_exit.o ABSOLUTE
    ../clib/signal.c                         0x00000000   Number         0  defsig_segv_inner.o ABSOLUTE
    ../clib/signal.c                         0x00000000   Number         0  defsig_fpe_inner.o ABSOLUTE
    ../clib/signal.c                         0x00000000   Number         0  defsig_fpe_outer.o ABSOLUTE
    ../clib/signal.c                         0x00000000   Number         0  defsig_cppl_inner.o ABSOLUTE
    ../clib/signal.c                         0x00000000   Number         0  defsig_general.o ABSOLUTE
    ../clib/signal.c                         0x00000000   Number         0  __raise.o ABSOLUTE
    ../clib/signal.c                         0x00000000   Number         0  defsig_other.o ABSOLUTE
    ../clib/signal.s                         0x00000000   Number         0  defsig.o ABSOLUTE
    ../clib/stdlib.c                         0x00000000   Number         0  exit.o ABSOLUTE
    ../fplib/daddsub.s                       0x00000000   Number         0  daddsub_clz.o ABSOLUTE
    ../fplib/dcmpi.s                         0x00000000   Number         0  dcmpi.o ABSOLUTE
    ../fplib/ddiv.s                          0x00000000   Number         0  ddiv.o ABSOLUTE
    ../fplib/dfixu.s                         0x00000000   Number         0  dfixu.o ABSOLUTE
    ../fplib/dflt.s                          0x00000000   Number         0  dflt_clz.o ABSOLUTE
    ../fplib/dleqf.s                         0x00000000   Number         0  dleqf.o ABSOLUTE
    ../fplib/dmul.s                          0x00000000   Number         0  dmul.o ABSOLUTE
    ../fplib/dnaninf.s                       0x00000000   Number         0  dnaninf.o ABSOLUTE
    ../fplib/dretinf.s                       0x00000000   Number         0  dretinf.o ABSOLUTE
    ../fplib/drleqf.s                        0x00000000   Number         0  drleqf.o ABSOLUTE
    ../fplib/fpinit.s                        0x00000000   Number         0  fpinit.o ABSOLUTE
    ../fplib/usenofp.s                       0x00000000   Number         0  usenofp.o ABSOLUTE
    ADC.c                                    0x00000000   Number         0  adc.o ABSOLUTE
    ADC.c                                    0x00000000   Number         0  adc.o ABSOLUTE
    C:\ARM\CMSIS\5.6.0\CMSIS\NN\Source\ActivationFunctions\arm_nn_activations_q15.c 0x00000000   Number         0  arm_nn_activations_q15.o ABSOLUTE
    C:\ARM\CMSIS\5.6.0\CMSIS\NN\Source\ActivationFunctions\arm_nn_activations_q7.c 0x00000000   Number         0  arm_nn_activations_q7.o ABSOLUTE
    C:\ARM\CMSIS\5.6.0\CMSIS\NN\Source\ActivationFunctions\arm_relu_q15.c 0x00000000   Number         0  arm_relu_q15.o ABSOLUTE
    C:\ARM\CMSIS\5.6.0\CMSIS\NN\Source\ActivationFunctions\arm_relu_q7.c 0x00000000   Number         0  arm_relu_q7.o ABSOLUTE
    C:\ARM\CMSIS\5.6.0\CMSIS\NN\Source\ConvolutionFunctions\arm_convolve_1x1_HWC_q7_fast_nonsquare.c 0x00000000   Number         0  arm_convolve_1x1_hwc_q7_fast_nonsquare.o ABSOLUTE
    C:\ARM\CMSIS\5.6.0\CMSIS\NN\Source\ConvolutionFunctions\arm_convolve_HWC_q15_basic.c 0x00000000   Number         0  arm_convolve_hwc_q15_basic.o ABSOLUTE
    C:\ARM\CMSIS\5.6.0\CMSIS\NN\Source\ConvolutionFunctions\arm_convolve_HWC_q15_fast.c 0x00000000   Number         0  arm_convolve_hwc_q15_fast.o ABSOLUTE
    C:\ARM\CMSIS\5.6.0\CMSIS\NN\Source\ConvolutionFunctions\arm_convolve_HWC_q7_RGB.c 0x00000000   Number         0  arm_convolve_hwc_q7_rgb.o ABSOLUTE
    C:\ARM\CMSIS\5.6.0\CMSIS\NN\Source\ConvolutionFunctions\arm_convolve_HWC_q7_basic.c 0x00000000   Number         0  arm_convolve_hwc_q7_basic.o ABSOLUTE
    C:\ARM\CMSIS\5.6.0\CMSIS\NN\Source\ConvolutionFunctions\arm_convolve_HWC_q7_basic_nonsquare.c 0x00000000   Number         0  arm_convolve_hwc_q7_basic_nonsquare.o ABSOLUTE
    C:\ARM\CMSIS\5.6.0\CMSIS\NN\Source\ConvolutionFunctions\arm_convolve_HWC_q7_fast.c 0x00000000   Number         0  arm_convolve_hwc_q7_fast.o ABSOLUTE
    C:\ARM\CMSIS\5.6.0\CMSIS\NN\Source\ConvolutionFunctions\arm_convolve_HWC_q7_fast_nonsquare.c 0x00000000   Number         0  arm_convolve_hwc_q7_fast_nonsquare.o ABSOLUTE
    C:\ARM\CMSIS\5.6.0\CMSIS\NN\Source\ConvolutionFunctions\arm_depthwise_conv_u8_basic_ver1.c 0x00000000   Number         0  arm_depthwise_conv_u8_basic_ver1.o ABSOLUTE
    C:\ARM\CMSIS\5.6.0\CMSIS\NN\Source\ConvolutionFunctions\arm_depthwise_separable_conv_HWC_q7.c 0x00000000   Number         0  arm_depthwise_separable_conv_hwc_q7.o ABSOLUTE
    C:\ARM\CMSIS\5.6.0\CMSIS\NN\Source\ConvolutionFunctions\arm_depthwise_separable_conv_HWC_q7_nonsquare.c 0x00000000   Number         0  arm_depthwise_separable_conv_hwc_q7_nonsquare.o ABSOLUTE
    C:\ARM\CMSIS\5.6.0\CMSIS\NN\Source\ConvolutionFunctions\arm_nn_mat_mult_kernel_q7_q15.c 0x00000000   Number         0  arm_nn_mat_mult_kernel_q7_q15.o ABSOLUTE
    C:\ARM\CMSIS\5.6.0\CMSIS\NN\Source\ConvolutionFunctions\arm_nn_mat_mult_kernel_q7_q15_reordered.c 0x00000000   Number         0  arm_nn_mat_mult_kernel_q7_q15_reordered.o ABSOLUTE
    C:\ARM\CMSIS\5.6.0\CMSIS\NN\Source\FullyConnectedFunctions\arm_fully_connected_mat_q7_vec_q15.c 0x00000000   Number         0  arm_fully_connected_mat_q7_vec_q15.o ABSOLUTE
    C:\ARM\CMSIS\5.6.0\CMSIS\NN\Source\FullyConnectedFunctions\arm_fully_connected_mat_q7_vec_q15_opt.c 0x00000000   Number         0  arm_fully_connected_mat_q7_vec_q15_opt.o ABSOLUTE
    C:\ARM\CMSIS\5.6.0\CMSIS\NN\Source\FullyConnectedFunctions\arm_fully_connected_q15.c 0x00000000   Number         0  arm_fully_connected_q15.o ABSOLUTE
    C:\ARM\CMSIS\5.6.0\CMSIS\NN\Source\FullyConnectedFunctions\arm_fully_connected_q15_opt.c 0x00000000   Number         0  arm_fully_connected_q15_opt.o ABSOLUTE
    C:\ARM\CMSIS\5.6.0\CMSIS\NN\Source\FullyConnectedFunctions\arm_fully_connected_q7.c 0x00000000   Number         0  arm_fully_connected_q7.o ABSOLUTE
    C:\ARM\CMSIS\5.6.0\CMSIS\NN\Source\FullyConnectedFunctions\arm_fully_connected_q7_opt.c 0x00000000   Number         0  arm_fully_connected_q7_opt.o ABSOLUTE
    C:\ARM\CMSIS\5.6.0\CMSIS\NN\Source\NNSupportFunctions\arm_nn_mult_q15.c 0x00000000   Number         0  arm_nn_mult_q15.o ABSOLUTE
    C:\ARM\CMSIS\5.6.0\CMSIS\NN\Source\NNSupportFunctions\arm_nn_mult_q7.c 0x00000000   Number         0  arm_nn_mult_q7.o ABSOLUTE
    C:\ARM\CMSIS\5.6.0\CMSIS\NN\Source\NNSupportFunctions\arm_nntables.c 0x00000000   Number         0  arm_nntables.o ABSOLUTE
    C:\ARM\CMSIS\5.6.0\CMSIS\NN\Source\NNSupportFunctions\arm_q7_to_q15_no_shift.c 0x00000000   Number         0  arm_q7_to_q15_no_shift.o ABSOLUTE
    C:\ARM\CMSIS\5.6.0\CMSIS\NN\Source\NNSupportFunctions\arm_q7_to_q15_reordered_no_shift.c 0x00000000   Number         0  arm_q7_to_q15_reordered_no_shift.o ABSOLUTE
    C:\ARM\CMSIS\5.6.0\CMSIS\NN\Source\PoolingFunctions\arm_pool_q7_HWC.c 0x00000000   Number         0  arm_pool_q7_hwc.o ABSOLUTE
    C:\ARM\CMSIS\5.6.0\CMSIS\NN\Source\SoftmaxFunctions\arm_softmax_q15.c 0x00000000   Number         0  arm_softmax_q15.o ABSOLUTE
    C:\ARM\CMSIS\5.6.0\CMSIS\NN\Source\SoftmaxFunctions\arm_softmax_q7.c 0x00000000   Number         0  arm_softmax_q7.o ABSOLUTE
    C:\\ARM\\CMSIS\\5.6.0\\CMSIS\\NN\\Source\\ActivationFunctions\\arm_nn_activations_q15.c 0x00000000   Number         0  arm_nn_activations_q15.o ABSOLUTE
    C:\\ARM\\CMSIS\\5.6.0\\CMSIS\\NN\\Source\\ActivationFunctions\\arm_nn_activations_q7.c 0x00000000   Number         0  arm_nn_activations_q7.o ABSOLUTE
    C:\\ARM\\CMSIS\\5.6.0\\CMSIS\\NN\\Source\\ActivationFunctions\\arm_relu_q15.c 0x00000000   Number         0  arm_relu_q15.o ABSOLUTE
    C:\\ARM\\CMSIS\\5.6.0\\CMSIS\\NN\\Source\\ActivationFunctions\\arm_relu_q7.c 0x00000000   Number         0  arm_relu_q7.o ABSOLUTE
    C:\\ARM\\CMSIS\\5.6.0\\CMSIS\\NN\\Source\\ConvolutionFunctions\\arm_convolve_1x1_HWC_q7_fast_nonsquare.c 0x00000000   Number         0  arm_convolve_1x1_hwc_q7_fast_nonsquare.o ABSOLUTE
    C:\\ARM\\CMSIS\\5.6.0\\CMSIS\\NN\\Source\\ConvolutionFunctions\\arm_convolve_HWC_q15_basic.c 0x00000000   Number         0  arm_convolve_hwc_q15_basic.o ABSOLUTE
    C:\\ARM\\CMSIS\\5.6.0\\CMSIS\\NN\\Source\\ConvolutionFunctions\\arm_convolve_HWC_q15_fast.c 0x00000000   Number         0  arm_convolve_hwc_q15_fast.o ABSOLUTE
    C:\\ARM\\CMSIS\\5.6.0\\CMSIS\\NN\\Source\\ConvolutionFunctions\\arm_convolve_HWC_q7_RGB.c 0x00000000   Number         0  arm_convolve_hwc_q7_rgb.o ABSOLUTE
    C:\\ARM\\CMSIS\\5.6.0\\CMSIS\\NN\\Source\\ConvolutionFunctions\\arm_convolve_HWC_q7_basic.c 0x00000000   Number         0  arm_convolve_hwc_q7_basic.o ABSOLUTE
    C:\\ARM\\CMSIS\\5.6.0\\CMSIS\\NN\\Source\\ConvolutionFunctions\\arm_convolve_HWC_q7_basic_nonsquare.c 0x00000000   Number         0  arm_convolve_hwc_q7_basic_nonsquare.o ABSOLUTE
    C:\\ARM\\CMSIS\\5.6.0\\CMSIS\\NN\\Source\\ConvolutionFunctions\\arm_convolve_HWC_q7_fast.c 0x00000000   Number         0  arm_convolve_hwc_q7_fast.o ABSOLUTE
    C:\\ARM\\CMSIS\\5.6.0\\CMSIS\\NN\\Source\\ConvolutionFunctions\\arm_convolve_HWC_q7_fast_nonsquare.c 0x00000000   Number         0  arm_convolve_hwc_q7_fast_nonsquare.o ABSOLUTE
    C:\\ARM\\CMSIS\\5.6.0\\CMSIS\\NN\\Source\\ConvolutionFunctions\\arm_depthwise_conv_u8_basic_ver1.c 0x00000000   Number         0  arm_depthwise_conv_u8_basic_ver1.o ABSOLUTE
    C:\\ARM\\CMSIS\\5.6.0\\CMSIS\\NN\\Source\\ConvolutionFunctions\\arm_depthwise_separable_conv_HWC_q7.c 0x00000000   Number         0  arm_depthwise_separable_conv_hwc_q7.o ABSOLUTE
    C:\\ARM\\CMSIS\\5.6.0\\CMSIS\\NN\\Source\\ConvolutionFunctions\\arm_depthwise_separable_conv_HWC_q7_nonsquare.c 0x00000000   Number         0  arm_depthwise_separable_conv_hwc_q7_nonsquare.o ABSOLUTE
    C:\\ARM\\CMSIS\\5.6.0\\CMSIS\\NN\\Source\\ConvolutionFunctions\\arm_nn_mat_mult_kernel_q7_q15.c 0x00000000   Number         0  arm_nn_mat_mult_kernel_q7_q15.o ABSOLUTE
    C:\\ARM\\CMSIS\\5.6.0\\CMSIS\\NN\\Source\\ConvolutionFunctions\\arm_nn_mat_mult_kernel_q7_q15_reordered.c 0x00000000   Number         0  arm_nn_mat_mult_kernel_q7_q15_reordered.o ABSOLUTE
    C:\\ARM\\CMSIS\\5.6.0\\CMSIS\\NN\\Source\\FullyConnectedFunctions\\arm_fully_connected_mat_q7_vec_q15.c 0x00000000   Number         0  arm_fully_connected_mat_q7_vec_q15.o ABSOLUTE
    C:\\ARM\\CMSIS\\5.6.0\\CMSIS\\NN\\Source\\FullyConnectedFunctions\\arm_fully_connected_mat_q7_vec_q15_opt.c 0x00000000   Number         0  arm_fully_connected_mat_q7_vec_q15_opt.o ABSOLUTE
    C:\\ARM\\CMSIS\\5.6.0\\CMSIS\\NN\\Source\\FullyConnectedFunctions\\arm_fully_connected_q15.c 0x00000000   Number         0  arm_fully_connected_q15.o ABSOLUTE
    C:\\ARM\\CMSIS\\5.6.0\\CMSIS\\NN\\Source\\FullyConnectedFunctions\\arm_fully_connected_q15_opt.c 0x00000000   Number         0  arm_fully_connected_q15_opt.o ABSOLUTE
    C:\\ARM\\CMSIS\\5.6.0\\CMSIS\\NN\\Source\\FullyConnectedFunctions\\arm_fully_connected_q7.c 0x00000000   Number         0  arm_fully_connected_q7.o ABSOLUTE
    C:\\ARM\\CMSIS\\5.6.0\\CMSIS\\NN\\Source\\FullyConnectedFunctions\\arm_fully_connected_q7_opt.c 0x00000000   Number         0  arm_fully_connected_q7_opt.o ABSOLUTE
    C:\\ARM\\CMSIS\\5.6.0\\CMSIS\\NN\\Source\\NNSupportFunctions\\arm_nn_mult_q15.c 0x00000000   Number         0  arm_nn_mult_q15.o ABSOLUTE
    C:\\ARM\\CMSIS\\5.6.0\\CMSIS\\NN\\Source\\NNSupportFunctions\\arm_nn_mult_q7.c 0x00000000   Number         0  arm_nn_mult_q7.o ABSOLUTE
    C:\\ARM\\CMSIS\\5.6.0\\CMSIS\\NN\\Source\\NNSupportFunctions\\arm_nntables.c 0x00000000   Number         0  arm_nntables.o ABSOLUTE
    C:\\ARM\\CMSIS\\5.6.0\\CMSIS\\NN\\Source\\NNSupportFunctions\\arm_q7_to_q15_no_shift.c 0x00000000   Number         0  arm_q7_to_q15_no_shift.o ABSOLUTE
    C:\\ARM\\CMSIS\\5.6.0\\CMSIS\\NN\\Source\\NNSupportFunctions\\arm_q7_to_q15_reordered_no_shift.c 0x00000000   Number         0  arm_q7_to_q15_reordered_no_shift.o ABSOLUTE
    C:\\ARM\\CMSIS\\5.6.0\\CMSIS\\NN\\Source\\PoolingFunctions\\arm_pool_q7_HWC.c 0x00000000   Number         0  arm_pool_q7_hwc.o ABSOLUTE
    C:\\ARM\\CMSIS\\5.6.0\\CMSIS\\NN\\Source\\SoftmaxFunctions\\arm_softmax_q15.c 0x00000000   Number         0  arm_softmax_q15.o ABSOLUTE
    C:\\ARM\\CMSIS\\5.6.0\\CMSIS\\NN\\Source\\SoftmaxFunctions\\arm_softmax_q7.c 0x00000000   Number         0  arm_softmax_q7.o ABSOLUTE
    CLKs.c                                   0x00000000   Number         0  clks.o ABSOLUTE
    CLKs.c                                   0x00000000   Number         0  clks.o ABSOLUTE
    Hard_PWM.c                               0x00000000   Number         0  hard_pwm.o ABSOLUTE
    Hard_PWM.c                               0x00000000   Number         0  hard_pwm.o ABSOLUTE
    LEDS.c                                   0x00000000   Number         0  leds.o ABSOLUTE
    LEDS.c                                   0x00000000   Number         0  leds.o ABSOLUTE
    My_EXTI.c                                0x00000000   Number         0  my_exti.o ABSOLUTE
    My_EXTI.c                                0x00000000   Number         0  my_exti.o ABSOLUTE
    RTE\Device\STM32F407VGTx\startup_stm32f407xx.s 0x00000000   Number         0  startup_stm32f407xx.o ABSOLUTE
    RTE\Device\STM32F407VGTx\system_stm32f4xx.c 0x00000000   Number         0  system_stm32f4xx.o ABSOLUTE
    RTE\\Device\\STM32F407VGTx\\system_stm32f4xx.c 0x00000000   Number         0  system_stm32f4xx.o ABSOLUTE
    TIM.c                                    0x00000000   Number         0  tim.o ABSOLUTE
    TIM.c                                    0x00000000   Number         0  tim.o ABSOLUTE
    USART.c                                  0x00000000   Number         0  usart.o ABSOLUTE
    USART.c                                  0x00000000   Number         0  usart.o ABSOLUTE
    dc.s                                     0x00000000   Number         0  dc.o ABSOLUTE
    main.c                                   0x00000000   Number         0  main.o ABSOLUTE
    main.c                                   0x00000000   Number         0  main.o ABSOLUTE
    RESET                                    0x08000000   Section      392  startup_stm32f407xx.o(RESET)
    !!!main                                  0x08000188   Section        8  __main.o(!!!main)
    !!!scatter                               0x08000190   Section       52  __scatter.o(!!!scatter)
    !!handler_copy                           0x080001c4   Section       26  __scatter_copy.o(!!handler_copy)
    !!handler_zi                             0x080001e0   Section       28  __scatter_zi.o(!!handler_zi)
    .ARM.Collect$$libinit$$00000000          0x080001fc   Section        2  libinit.o(.ARM.Collect$$libinit$$00000000)
    .ARM.Collect$$libinit$$00000001          0x080001fe   Section        4  libinit2.o(.ARM.Collect$$libinit$$00000001)
    .ARM.Collect$$libinit$$00000004          0x08000202   Section        0  libinit2.o(.ARM.Collect$$libinit$$00000004)
    .ARM.Collect$$libinit$$0000000A          0x08000202   Section        0  libinit2.o(.ARM.Collect$$libinit$$0000000A)
    .ARM.Collect$$libinit$$0000000C          0x08000202   Section        0  libinit2.o(.ARM.Collect$$libinit$$0000000C)
    .ARM.Collect$$libinit$$0000000E          0x08000202   Section        0  libinit2.o(.ARM.Collect$$libinit$$0000000E)
    .ARM.Collect$$libinit$$00000011          0x08000202   Section        0  libinit2.o(.ARM.Collect$$libinit$$00000011)
    .ARM.Collect$$libinit$$00000013          0x08000202   Section        0  libinit2.o(.ARM.Collect$$libinit$$00000013)
    .ARM.Collect$$libinit$$00000015          0x08000202   Section        0  libinit2.o(.ARM.Collect$$libinit$$00000015)
    .ARM.Collect$$libinit$$00000017          0x08000202   Section        0  libinit2.o(.ARM.Collect$$libinit$$00000017)
    .ARM.Collect$$libinit$$00000019          0x08000202   Section        0  libinit2.o(.ARM.Collect$$libinit$$00000019)
    .ARM.Collect$$libinit$$0000001B          0x08000202   Section        0  libinit2.o(.ARM.Collect$$libinit$$0000001B)
    .ARM.Collect$$libinit$$0000001D          0x08000202   Section        0  libinit2.o(.ARM.Collect$$libinit$$0000001D)
    .ARM.Collect$$libinit$$0000001F          0x08000202   Section        0  libinit2.o(.ARM.Collect$$libinit$$0000001F)
    .ARM.Collect$$libinit$$00000021          0x08000202   Section        0  libinit2.o(.ARM.Collect$$libinit$$00000021)
    .ARM.Collect$$libinit$$00000023          0x08000202   Section        0  libinit2.o(.ARM.Collect$$libinit$$00000023)
    .ARM.Collect$$libinit$$00000025          0x08000202   Section        0  libinit2.o(.ARM.Collect$$libinit$$00000025)
    .ARM.Collect$$libinit$$0000002C          0x08000202   Section        0  libinit2.o(.ARM.Collect$$libinit$$0000002C)
    .ARM.Collect$$libinit$$0000002E          0x08000202   Section        0  libinit2.o(.ARM.Collect$$libinit$$0000002E)
    .ARM.Collect$$libinit$$00000030          0x08000202   Section        0  libinit2.o(.ARM.Collect$$libinit$$00000030)
    .ARM.Collect$$libinit$$00000032          0x08000202   Section        0  libinit2.o(.ARM.Collect$$libinit$$00000032)
    .ARM.Collect$$libinit$$00000033          0x08000202   Section        2  libinit2.o(.ARM.Collect$$libinit$$00000033)
    .ARM.Collect$$libshutdown$$00000000      0x08000204   Section        2  libshutdown.o(.ARM.Collect$$libshutdown$$00000000)
    .ARM.Collect$$libshutdown$$00000002      0x08000206   Section        0  libshutdown2.o(.ARM.Collect$$libshutdown$$00000002)
    .ARM.Collect$$libshutdown$$00000004      0x08000206   Section        0  libshutdown2.o(.ARM.Collect$$libshutdown$$00000004)
    .ARM.Collect$$libshutdown$$00000007      0x08000206   Section        0  libshutdown2.o(.ARM.Collect$$libshutdown$$00000007)
    .ARM.Collect$$libshutdown$$0000000A      0x08000206   Section        0  libshutdown2.o(.ARM.Collect$$libshutdown$$0000000A)
    .ARM.Collect$$libshutdown$$0000000C      0x08000206   Section        0  libshutdown2.o(.ARM.Collect$$libshutdown$$0000000C)
    .ARM.Collect$$libshutdown$$0000000F      0x08000206   Section        0  libshutdown2.o(.ARM.Collect$$libshutdown$$0000000F)
    .ARM.Collect$$libshutdown$$00000010      0x08000206   Section        2  libshutdown2.o(.ARM.Collect$$libshutdown$$00000010)
    .ARM.Collect$$rtentry$$00000000          0x08000208   Section        0  __rtentry.o(.ARM.Collect$$rtentry$$00000000)
    .ARM.Collect$$rtentry$$00000002          0x08000208   Section        0  __rtentry2.o(.ARM.Collect$$rtentry$$00000002)
    .ARM.Collect$$rtentry$$00000004          0x08000208   Section        6  __rtentry4.o(.ARM.Collect$$rtentry$$00000004)
    .ARM.Collect$$rtentry$$00000009          0x0800020e   Section        0  __rtentry2.o(.ARM.Collect$$rtentry$$00000009)
    .ARM.Collect$$rtentry$$0000000A          0x0800020e   Section        4  __rtentry2.o(.ARM.Collect$$rtentry$$0000000A)
    .ARM.Collect$$rtentry$$0000000C          0x08000212   Section        0  __rtentry2.o(.ARM.Collect$$rtentry$$0000000C)
    .ARM.Collect$$rtentry$$0000000D          0x08000212   Section        8  __rtentry2.o(.ARM.Collect$$rtentry$$0000000D)
    .ARM.Collect$$rtexit$$00000000           0x0800021a   Section        2  rtexit.o(.ARM.Collect$$rtexit$$00000000)
    .ARM.Collect$$rtexit$$00000002           0x0800021c   Section        0  rtexit2.o(.ARM.Collect$$rtexit$$00000002)
    .ARM.Collect$$rtexit$$00000003           0x0800021c   Section        4  rtexit2.o(.ARM.Collect$$rtexit$$00000003)
    .ARM.Collect$$rtexit$$00000004           0x08000220   Section        6  rtexit2.o(.ARM.Collect$$rtexit$$00000004)
    .text                                    0x08000228   Section       64  startup_stm32f407xx.o(.text)
    $v0                                      0x08000228   Number         0  startup_stm32f407xx.o(.text)
    .text                                    0x08000268   Section        0  heapauxi.o(.text)
    .text                                    0x0800026e   Section       74  sys_stackheap_outer.o(.text)
    .text                                    0x080002b8   Section        0  exit.o(.text)
    .text                                    0x080002cc   Section        8  libspace.o(.text)
    .text                                    0x080002d4   Section        0  sys_exit.o(.text)
    .text                                    0x080002e0   Section        2  use_no_semi.o(.text)
    .text                                    0x080002e2   Section        0  indicate_semi.o(.text)
    i.ADC_DMA_ini                            0x080002e4   Section        0  adc.o(i.ADC_DMA_ini)
    i.ADC_IRQHandler                         0x080003e8   Section        0  adc.o(i.ADC_IRQHandler)
    i.DMA2_Stream0_IRQHandler                0x08000420   Section        0  adc.o(i.DMA2_Stream0_IRQHandler)
    i.EXTI0_IRQHandler                       0x08000488   Section        0  my_exti.o(i.EXTI0_IRQHandler)
    i.LEDS_ini                               0x08000510   Section        0  leds.o(i.LEDS_ini)
    i.SetSysClock                            0x08000534   Section        0  system_stm32f4xx.o(i.SetSysClock)
    SetSysClock                              0x08000535   Thumb Code   220  system_stm32f4xx.o(i.SetSysClock)
    i.SysTick_Handler                        0x08000620   Section        0  main.o(i.SysTick_Handler)
    i.SystemCoreClockUpdate                  0x08000648   Section        0  system_stm32f4xx.o(i.SystemCoreClockUpdate)
    i.SystemInit                             0x08000708   Section        0  system_stm32f4xx.o(i.SystemInit)
    i.TIM2_IRQHandler                        0x08000770   Section        0  tim.o(i.TIM2_IRQHandler)
    i.__NVIC_EnableIRQ                       0x08000858   Section        0  adc.o(i.__NVIC_EnableIRQ)
    __NVIC_EnableIRQ                         0x08000859   Thumb Code    34  adc.o(i.__NVIC_EnableIRQ)
    i.main                                   0x0800087c   Section        0  main.o(i.main)
    x$fpl$dadd                               0x08000908   Section      336  daddsub_clz.o(x$fpl$dadd)
    $v0                                      0x08000908   Number         0  daddsub_clz.o(x$fpl$dadd)
    _dadd1                                   0x08000919   Thumb Code     0  daddsub_clz.o(x$fpl$dadd)
    x$fpl$dcmpinf                            0x08000a58   Section       24  dcmpi.o(x$fpl$dcmpinf)
    $v0                                      0x08000a58   Number         0  dcmpi.o(x$fpl$dcmpinf)
    x$fpl$dfixu                              0x08000a70   Section       90  dfixu.o(x$fpl$dfixu)
    $v0                                      0x08000a70   Number         0  dfixu.o(x$fpl$dfixu)
    x$fpl$dfltu                              0x08000aca   Section       38  dflt_clz.o(x$fpl$dfltu)
    $v0                                      0x08000aca   Number         0  dflt_clz.o(x$fpl$dfltu)
    x$fpl$dleqf                              0x08000af0   Section      120  dleqf.o(x$fpl$dleqf)
    $v0                                      0x08000af0   Number         0  dleqf.o(x$fpl$dleqf)
    x$fpl$dnaninf                            0x08000b68   Section      156  dnaninf.o(x$fpl$dnaninf)
    $v0                                      0x08000b68   Number         0  dnaninf.o(x$fpl$dnaninf)
    x$fpl$dretinf                            0x08000c04   Section       12  dretinf.o(x$fpl$dretinf)
    $v0                                      0x08000c04   Number         0  dretinf.o(x$fpl$dretinf)
    x$fpl$drleqf                             0x08000c10   Section      108  drleqf.o(x$fpl$drleqf)
    $v0                                      0x08000c10   Number         0  drleqf.o(x$fpl$drleqf)
    x$fpl$dsub                               0x08000c7c   Section      468  daddsub_clz.o(x$fpl$dsub)
    $v0                                      0x08000c7c   Number         0  daddsub_clz.o(x$fpl$dsub)
    _dsub1                                   0x08000c8d   Thumb Code     0  daddsub_clz.o(x$fpl$dsub)
    x$fpl$fpinit                             0x08000e50   Section       10  fpinit.o(x$fpl$fpinit)
    $v0                                      0x08000e50   Number         0  fpinit.o(x$fpl$fpinit)
    .constdata                               0x08000e5a   Section       16  system_stm32f4xx.o(.constdata)
    x$fpl$usenofp                            0x08000e5a   Section        0  usenofp.o(x$fpl$usenofp)
    .data                                    0x20000000   Section       10  main.o(.data)
    .data                                    0x2000000c   Section       12  my_exti.o(.data)
    .data                                    0x20000018   Section       12  adc.o(.data)
    .data                                    0x20000024   Section       12  tim.o(.data)
    .data                                    0x20000030   Section       24  hard_pwm.o(.data)
    .data                                    0x20000048   Section        4  system_stm32f4xx.o(.data)
    .bss                                     0x2000004c   Section      100  adc.o(.bss)
    .bss                                     0x200000b0   Section       96  libspace.o(.bss)
    HEAP                                     0x20000110   Section      512  startup_stm32f407xx.o(HEAP)
    Heap_Mem                                 0x20000110   Data         512  startup_stm32f407xx.o(HEAP)
    STACK                                    0x20000310   Section     1024  startup_stm32f407xx.o(STACK)
    Stack_Mem                                0x20000310   Data        1024  startup_stm32f407xx.o(STACK)
    __initial_sp                             0x20000710   Data           0  startup_stm32f407xx.o(STACK)

    Global Symbols

    Symbol Name                              Value     Ov Type        Size  Object(Section)

    BuildAttributes$$THM_ISAv4$E$P$D$K$B$S$7EM$VFPi3$EXTD16$VFPS$VFMA$PE$A:L22UL41UL21$X:L11$S22US41US21$IEEE1$IW$USESV6$~STKCKD$USESV7$~SHL$OSPACE$ROPI$EBA8$UX$STANDARDLIB$REQ8$PRES8$EABIv2 0x00000000   Number         0  anon$$obj.o ABSOLUTE
    __ARM_use_no_argv                        0x00000000   Number         0  main.o ABSOLUTE
    __ARM_exceptions_init                     - Undefined Weak Reference
    __alloca_initialize                       - Undefined Weak Reference
    __arm_preinit_                            - Undefined Weak Reference
    __cpp_initialize__aeabi_                  - Undefined Weak Reference
    __cxa_finalize                            - Undefined Weak Reference
    __rt_locale                               - Undefined Weak Reference
    __sigvec_lookup                           - Undefined Weak Reference
    _atexit_init                              - Undefined Weak Reference
    _call_atexit_fns                          - Undefined Weak Reference
    _clock_init                               - Undefined Weak Reference
    _fp_trap_init                             - Undefined Weak Reference
    _fp_trap_shutdown                         - Undefined Weak Reference
    _get_lc_collate                           - Undefined Weak Reference
    _get_lc_ctype                             - Undefined Weak Reference
    _get_lc_monetary                          - Undefined Weak Reference
    _get_lc_numeric                           - Undefined Weak Reference
    _get_lc_time                              - Undefined Weak Reference
    _getenv_init                              - Undefined Weak Reference
    _handle_redirection                       - Undefined Weak Reference
    _init_alloc                               - Undefined Weak Reference
    _init_user_alloc                          - Undefined Weak Reference
    _initio                                   - Undefined Weak Reference
    _rand_init                                - Undefined Weak Reference
    _signal_finish                            - Undefined Weak Reference
    _signal_init                              - Undefined Weak Reference
    _terminate_alloc                          - Undefined Weak Reference
    _terminate_user_alloc                     - Undefined Weak Reference
    _terminateio                              - Undefined Weak Reference
    __Vectors_Size                           0x00000188   Number         0  startup_stm32f407xx.o ABSOLUTE
    __Vectors                                0x08000000   Data           4  startup_stm32f407xx.o(RESET)
    __Vectors_End                            0x08000188   Data           0  startup_stm32f407xx.o(RESET)
    __main                                   0x08000189   Thumb Code     8  __main.o(!!!main)
    __scatterload                            0x08000191   Thumb Code     0  __scatter.o(!!!scatter)
    __scatterload_rt2                        0x08000191   Thumb Code    44  __scatter.o(!!!scatter)
    __scatterload_rt2_thumb_only             0x08000191   Thumb Code     0  __scatter.o(!!!scatter)
    __scatterload_null                       0x0800019f   Thumb Code     0  __scatter.o(!!!scatter)
    __scatterload_copy                       0x080001c5   Thumb Code    26  __scatter_copy.o(!!handler_copy)
    __scatterload_zeroinit                   0x080001e1   Thumb Code    28  __scatter_zi.o(!!handler_zi)
    __rt_lib_init                            0x080001fd   Thumb Code     0  libinit.o(.ARM.Collect$$libinit$$00000000)
    __rt_lib_init_fp_1                       0x080001ff   Thumb Code     0  libinit2.o(.ARM.Collect$$libinit$$00000001)
    __rt_lib_init_alloca_1                   0x08000203   Thumb Code     0  libinit2.o(.ARM.Collect$$libinit$$0000002E)
    __rt_lib_init_argv_1                     0x08000203   Thumb Code     0  libinit2.o(.ARM.Collect$$libinit$$0000002C)
    __rt_lib_init_atexit_1                   0x08000203   Thumb Code     0  libinit2.o(.ARM.Collect$$libinit$$0000001B)
    __rt_lib_init_clock_1                    0x08000203   Thumb Code     0  libinit2.o(.ARM.Collect$$libinit$$00000021)
    __rt_lib_init_cpp_1                      0x08000203   Thumb Code     0  libinit2.o(.ARM.Collect$$libinit$$00000032)
    __rt_lib_init_exceptions_1               0x08000203   Thumb Code     0  libinit2.o(.ARM.Collect$$libinit$$00000030)
    __rt_lib_init_fp_trap_1                  0x08000203   Thumb Code     0  libinit2.o(.ARM.Collect$$libinit$$0000001F)
    __rt_lib_init_getenv_1                   0x08000203   Thumb Code     0  libinit2.o(.ARM.Collect$$libinit$$00000023)
    __rt_lib_init_heap_1                     0x08000203   Thumb Code     0  libinit2.o(.ARM.Collect$$libinit$$0000000A)
    __rt_lib_init_lc_collate_1               0x08000203   Thumb Code     0  libinit2.o(.ARM.Collect$$libinit$$00000011)
    __rt_lib_init_lc_ctype_1                 0x08000203   Thumb Code     0  libinit2.o(.ARM.Collect$$libinit$$00000013)
    __rt_lib_init_lc_monetary_1              0x08000203   Thumb Code     0  libinit2.o(.ARM.Collect$$libinit$$00000015)
    __rt_lib_init_lc_numeric_1               0x08000203   Thumb Code     0  libinit2.o(.ARM.Collect$$libinit$$00000017)
    __rt_lib_init_lc_time_1                  0x08000203   Thumb Code     0  libinit2.o(.ARM.Collect$$libinit$$00000019)
    __rt_lib_init_preinit_1                  0x08000203   Thumb Code     0  libinit2.o(.ARM.Collect$$libinit$$00000004)
    __rt_lib_init_rand_1                     0x08000203   Thumb Code     0  libinit2.o(.ARM.Collect$$libinit$$0000000E)
    __rt_lib_init_return                     0x08000203   Thumb Code     0  libinit2.o(.ARM.Collect$$libinit$$00000033)
    __rt_lib_init_signal_1                   0x08000203   Thumb Code     0  libinit2.o(.ARM.Collect$$libinit$$0000001D)
    __rt_lib_init_stdio_1                    0x08000203   Thumb Code     0  libinit2.o(.ARM.Collect$$libinit$$00000025)
    __rt_lib_init_user_alloc_1               0x08000203   Thumb Code     0  libinit2.o(.ARM.Collect$$libinit$$0000000C)
    __rt_lib_shutdown                        0x08000205   Thumb Code     0  libshutdown.o(.ARM.Collect$$libshutdown$$00000000)
    __rt_lib_shutdown_cpp_1                  0x08000207   Thumb Code     0  libshutdown2.o(.ARM.Collect$$libshutdown$$00000002)
    __rt_lib_shutdown_fp_trap_1              0x08000207   Thumb Code     0  libshutdown2.o(.ARM.Collect$$libshutdown$$00000007)
    __rt_lib_shutdown_heap_1                 0x08000207   Thumb Code     0  libshutdown2.o(.ARM.Collect$$libshutdown$$0000000F)
    __rt_lib_shutdown_return                 0x08000207   Thumb Code     0  libshutdown2.o(.ARM.Collect$$libshutdown$$00000010)
    __rt_lib_shutdown_signal_1               0x08000207   Thumb Code     0  libshutdown2.o(.ARM.Collect$$libshutdown$$0000000A)
    __rt_lib_shutdown_stdio_1                0x08000207   Thumb Code     0  libshutdown2.o(.ARM.Collect$$libshutdown$$00000004)
    __rt_lib_shutdown_user_alloc_1           0x08000207   Thumb Code     0  libshutdown2.o(.ARM.Collect$$libshutdown$$0000000C)
    __rt_entry                               0x08000209   Thumb Code     0  __rtentry.o(.ARM.Collect$$rtentry$$00000000)
    __rt_entry_presh_1                       0x08000209   Thumb Code     0  __rtentry2.o(.ARM.Collect$$rtentry$$00000002)
    __rt_entry_sh                            0x08000209   Thumb Code     0  __rtentry4.o(.ARM.Collect$$rtentry$$00000004)
    __rt_entry_li                            0x0800020f   Thumb Code     0  __rtentry2.o(.ARM.Collect$$rtentry$$0000000A)
    __rt_entry_postsh_1                      0x0800020f   Thumb Code     0  __rtentry2.o(.ARM.Collect$$rtentry$$00000009)
    __rt_entry_main                          0x08000213   Thumb Code     0  __rtentry2.o(.ARM.Collect$$rtentry$$0000000D)
    __rt_entry_postli_1                      0x08000213   Thumb Code     0  __rtentry2.o(.ARM.Collect$$rtentry$$0000000C)
    __rt_exit                                0x0800021b   Thumb Code     0  rtexit.o(.ARM.Collect$$rtexit$$00000000)
    __rt_exit_ls                             0x0800021d   Thumb Code     0  rtexit2.o(.ARM.Collect$$rtexit$$00000003)
    __rt_exit_prels_1                        0x0800021d   Thumb Code     0  rtexit2.o(.ARM.Collect$$rtexit$$00000002)
    __rt_exit_exit                           0x08000221   Thumb Code     0  rtexit2.o(.ARM.Collect$$rtexit$$00000004)
    Reset_Handler                            0x08000229   Thumb Code     8  startup_stm32f407xx.o(.text)
    NMI_Handler                              0x08000231   Thumb Code     2  startup_stm32f407xx.o(.text)
    HardFault_Handler                        0x08000233   Thumb Code     2  startup_stm32f407xx.o(.text)
    MemManage_Handler                        0x08000235   Thumb Code     2  startup_stm32f407xx.o(.text)
    BusFault_Handler                         0x08000237   Thumb Code     2  startup_stm32f407xx.o(.text)
    UsageFault_Handler                       0x08000239   Thumb Code     2  startup_stm32f407xx.o(.text)
    SVC_Handler                              0x0800023b   Thumb Code     2  startup_stm32f407xx.o(.text)
    DebugMon_Handler                         0x0800023d   Thumb Code     2  startup_stm32f407xx.o(.text)
    PendSV_Handler                           0x0800023f   Thumb Code     2  startup_stm32f407xx.o(.text)
    CAN1_RX0_IRQHandler                      0x08000243   Thumb Code     0  startup_stm32f407xx.o(.text)
    CAN1_RX1_IRQHandler                      0x08000243   Thumb Code     0  startup_stm32f407xx.o(.text)
    CAN1_SCE_IRQHandler                      0x08000243   Thumb Code     0  startup_stm32f407xx.o(.text)
    CAN1_TX_IRQHandler                       0x08000243   Thumb Code     0  startup_stm32f407xx.o(.text)
    CAN2_RX0_IRQHandler                      0x08000243   Thumb Code     0  startup_stm32f407xx.o(.text)
    CAN2_RX1_IRQHandler                      0x08000243   Thumb Code     0  startup_stm32f407xx.o(.text)
    CAN2_SCE_IRQHandler                      0x08000243   Thumb Code     0  startup_stm32f407xx.o(.text)
    CAN2_TX_IRQHandler                       0x08000243   Thumb Code     0  startup_stm32f407xx.o(.text)
    DCMI_IRQHandler                          0x08000243   Thumb Code     0  startup_stm32f407xx.o(.text)
    DMA1_Stream0_IRQHandler                  0x08000243   Thumb Code     0  startup_stm32f407xx.o(.text)
    DMA1_Stream1_IRQHandler                  0x08000243   Thumb Code     0  startup_stm32f407xx.o(.text)
    DMA1_Stream2_IRQHandler                  0x08000243   Thumb Code     0  startup_stm32f407xx.o(.text)
    DMA1_Stream3_IRQHandler                  0x08000243   Thumb Code     0  startup_stm32f407xx.o(.text)
    DMA1_Stream4_IRQHandler                  0x08000243   Thumb Code     0  startup_stm32f407xx.o(.text)
    DMA1_Stream5_IRQHandler                  0x08000243   Thumb Code     0  startup_stm32f407xx.o(.text)
    DMA1_Stream6_IRQHandler                  0x08000243   Thumb Code     0  startup_stm32f407xx.o(.text)
    DMA1_Stream7_IRQHandler                  0x08000243   Thumb Code     0  startup_stm32f407xx.o(.text)
    DMA2_Stream1_IRQHandler                  0x08000243   Thumb Code     0  startup_stm32f407xx.o(.text)
    DMA2_Stream2_IRQHandler                  0x08000243   Thumb Code     0  startup_stm32f407xx.o(.text)
    DMA2_Stream3_IRQHandler                  0x08000243   Thumb Code     0  startup_stm32f407xx.o(.text)
    DMA2_Stream4_IRQHandler                  0x08000243   Thumb Code     0  startup_stm32f407xx.o(.text)
    DMA2_Stream5_IRQHandler                  0x08000243   Thumb Code     0  startup_stm32f407xx.o(.text)
    DMA2_Stream6_IRQHandler                  0x08000243   Thumb Code     0  startup_stm32f407xx.o(.text)
    DMA2_Stream7_IRQHandler                  0x08000243   Thumb Code     0  startup_stm32f407xx.o(.text)
    ETH_IRQHandler                           0x08000243   Thumb Code     0  startup_stm32f407xx.o(.text)
    ETH_WKUP_IRQHandler                      0x08000243   Thumb Code     0  startup_stm32f407xx.o(.text)
    EXTI15_10_IRQHandler                     0x08000243   Thumb Code     0  startup_stm32f407xx.o(.text)
    EXTI1_IRQHandler                         0x08000243   Thumb Code     0  startup_stm32f407xx.o(.text)
    EXTI2_IRQHandler                         0x08000243   Thumb Code     0  startup_stm32f407xx.o(.text)
    EXTI3_IRQHandler                         0x08000243   Thumb Code     0  startup_stm32f407xx.o(.text)
    EXTI4_IRQHandler                         0x08000243   Thumb Code     0  startup_stm32f407xx.o(.text)
    EXTI9_5_IRQHandler                       0x08000243   Thumb Code     0  startup_stm32f407xx.o(.text)
    FLASH_IRQHandler                         0x08000243   Thumb Code     0  startup_stm32f407xx.o(.text)
    FMC_IRQHandler                           0x08000243   Thumb Code     0  startup_stm32f407xx.o(.text)
    FPU_IRQHandler                           0x08000243   Thumb Code     0  startup_stm32f407xx.o(.text)
    HASH_RNG_IRQHandler                      0x08000243   Thumb Code     0  startup_stm32f407xx.o(.text)
    I2C1_ER_IRQHandler                       0x08000243   Thumb Code     0  startup_stm32f407xx.o(.text)
    I2C1_EV_IRQHandler                       0x08000243   Thumb Code     0  startup_stm32f407xx.o(.text)
    I2C2_ER_IRQHandler                       0x08000243   Thumb Code     0  startup_stm32f407xx.o(.text)
    I2C2_EV_IRQHandler                       0x08000243   Thumb Code     0  startup_stm32f407xx.o(.text)
    I2C3_ER_IRQHandler                       0x08000243   Thumb Code     0  startup_stm32f407xx.o(.text)
    I2C3_EV_IRQHandler                       0x08000243   Thumb Code     0  startup_stm32f407xx.o(.text)
    OTG_FS_IRQHandler                        0x08000243   Thumb Code     0  startup_stm32f407xx.o(.text)
    OTG_FS_WKUP_IRQHandler                   0x08000243   Thumb Code     0  startup_stm32f407xx.o(.text)
    OTG_HS_EP1_IN_IRQHandler                 0x08000243   Thumb Code     0  startup_stm32f407xx.o(.text)
    OTG_HS_EP1_OUT_IRQHandler                0x08000243   Thumb Code     0  startup_stm32f407xx.o(.text)
    OTG_HS_IRQHandler                        0x08000243   Thumb Code     0  startup_stm32f407xx.o(.text)
    OTG_HS_WKUP_IRQHandler                   0x08000243   Thumb Code     0  startup_stm32f407xx.o(.text)
    PVD_IRQHandler                           0x08000243   Thumb Code     0  startup_stm32f407xx.o(.text)
    RCC_IRQHandler                           0x08000243   Thumb Code     0  startup_stm32f407xx.o(.text)
    RTC_Alarm_IRQHandler                     0x08000243   Thumb Code     0  startup_stm32f407xx.o(.text)
    RTC_WKUP_IRQHandler                      0x08000243   Thumb Code     0  startup_stm32f407xx.o(.text)
    SDIO_IRQHandler                          0x08000243   Thumb Code     0  startup_stm32f407xx.o(.text)
    SPI1_IRQHandler                          0x08000243   Thumb Code     0  startup_stm32f407xx.o(.text)
    SPI2_IRQHandler                          0x08000243   Thumb Code     0  startup_stm32f407xx.o(.text)
    SPI3_IRQHandler                          0x08000243   Thumb Code     0  startup_stm32f407xx.o(.text)
    TAMP_STAMP_IRQHandler                    0x08000243   Thumb Code     0  startup_stm32f407xx.o(.text)
    TIM1_BRK_TIM9_IRQHandler                 0x08000243   Thumb Code     0  startup_stm32f407xx.o(.text)
    TIM1_CC_IRQHandler                       0x08000243   Thumb Code     0  startup_stm32f407xx.o(.text)
    TIM1_TRG_COM_TIM11_IRQHandler            0x08000243   Thumb Code     0  startup_stm32f407xx.o(.text)
    TIM1_UP_TIM10_IRQHandler                 0x08000243   Thumb Code     0  startup_stm32f407xx.o(.text)
    TIM3_IRQHandler                          0x08000243   Thumb Code     0  startup_stm32f407xx.o(.text)
    TIM4_IRQHandler                          0x08000243   Thumb Code     0  startup_stm32f407xx.o(.text)
    TIM5_IRQHandler                          0x08000243   Thumb Code     0  startup_stm32f407xx.o(.text)
    TIM6_DAC_IRQHandler                      0x08000243   Thumb Code     0  startup_stm32f407xx.o(.text)
    TIM7_IRQHandler                          0x08000243   Thumb Code     0  startup_stm32f407xx.o(.text)
    TIM8_BRK_TIM12_IRQHandler                0x08000243   Thumb Code     0  startup_stm32f407xx.o(.text)
    TIM8_CC_IRQHandler                       0x08000243   Thumb Code     0  startup_stm32f407xx.o(.text)
    TIM8_TRG_COM_TIM14_IRQHandler            0x08000243   Thumb Code     0  startup_stm32f407xx.o(.text)
    TIM8_UP_TIM13_IRQHandler                 0x08000243   Thumb Code     0  startup_stm32f407xx.o(.text)
    UART4_IRQHandler                         0x08000243   Thumb Code     0  startup_stm32f407xx.o(.text)
    UART5_IRQHandler                         0x08000243   Thumb Code     0  startup_stm32f407xx.o(.text)
    USART1_IRQHandler                        0x08000243   Thumb Code     0  startup_stm32f407xx.o(.text)
    USART2_IRQHandler                        0x08000243   Thumb Code     0  startup_stm32f407xx.o(.text)
    USART3_IRQHandler                        0x08000243   Thumb Code     0  startup_stm32f407xx.o(.text)
    USART6_IRQHandler                        0x08000243   Thumb Code     0  startup_stm32f407xx.o(.text)
    WWDG_IRQHandler                          0x08000243   Thumb Code     0  startup_stm32f407xx.o(.text)
    __user_initial_stackheap                 0x08000245   Thumb Code     0  startup_stm32f407xx.o(.text)
    __use_two_region_memory                  0x08000269   Thumb Code     2  heapauxi.o(.text)
    __rt_heap_escrow$2region                 0x0800026b   Thumb Code     2  heapauxi.o(.text)
    __rt_heap_expand$2region                 0x0800026d   Thumb Code     2  heapauxi.o(.text)
    __user_setup_stackheap                   0x0800026f   Thumb Code    74  sys_stackheap_outer.o(.text)
    exit                                     0x080002b9   Thumb Code    18  exit.o(.text)
    __user_libspace                          0x080002cd   Thumb Code     8  libspace.o(.text)
    __user_perproc_libspace                  0x080002cd   Thumb Code     0  libspace.o(.text)
    __user_perthread_libspace                0x080002cd   Thumb Code     0  libspace.o(.text)
    _sys_exit                                0x080002d5   Thumb Code     8  sys_exit.o(.text)
    __I$use$semihosting                      0x080002e1   Thumb Code     0  use_no_semi.o(.text)
    __use_no_semihosting_swi                 0x080002e1   Thumb Code     2  use_no_semi.o(.text)
    __semihosting_library_function           0x080002e3   Thumb Code     0  indicate_semi.o(.text)
    ADC_DMA_ini                              0x080002e5   Thumb Code   238  adc.o(i.ADC_DMA_ini)
    ADC_IRQHandler                           0x080003e9   Thumb Code    44  adc.o(i.ADC_IRQHandler)
    DMA2_Stream0_IRQHandler                  0x08000421   Thumb Code    88  adc.o(i.DMA2_Stream0_IRQHandler)
    EXTI0_IRQHandler                         0x08000489   Thumb Code   106  my_exti.o(i.EXTI0_IRQHandler)
    LEDS_ini                                 0x08000511   Thumb Code    26  leds.o(i.LEDS_ini)
    SysTick_Handler                          0x08000621   Thumb Code    30  main.o(i.SysTick_Handler)
    SystemCoreClockUpdate                    0x08000649   Thumb Code   170  system_stm32f4xx.o(i.SystemCoreClockUpdate)
    SystemInit                               0x08000709   Thumb Code    88  system_stm32f4xx.o(i.SystemInit)
    TIM2_IRQHandler                          0x08000771   Thumb Code   196  tim.o(i.TIM2_IRQHandler)
    main                                     0x0800087d   Thumb Code   120  main.o(i.main)
    __aeabi_dadd                             0x08000909   Thumb Code     0  daddsub_clz.o(x$fpl$dadd)
    _dadd                                    0x08000909   Thumb Code   332  daddsub_clz.o(x$fpl$dadd)
    __fpl_dcmp_Inf                           0x08000a59   Thumb Code    24  dcmpi.o(x$fpl$dcmpinf)
    __aeabi_d2uiz                            0x08000a71   Thumb Code     0  dfixu.o(x$fpl$dfixu)
    _dfixu                                   0x08000a71   Thumb Code    90  dfixu.o(x$fpl$dfixu)
    __aeabi_ui2d                             0x08000acb   Thumb Code     0  dflt_clz.o(x$fpl$dfltu)
    _dfltu                                   0x08000acb   Thumb Code    38  dflt_clz.o(x$fpl$dfltu)
    __aeabi_cdcmple                          0x08000af1   Thumb Code     0  dleqf.o(x$fpl$dleqf)
    _dcmple                                  0x08000af1   Thumb Code   120  dleqf.o(x$fpl$dleqf)
    __fpl_dcmple_InfNaN                      0x08000b53   Thumb Code     0  dleqf.o(x$fpl$dleqf)
    __fpl_dnaninf                            0x08000b69   Thumb Code   156  dnaninf.o(x$fpl$dnaninf)
    __fpl_dretinf                            0x08000c05   Thumb Code    12  dretinf.o(x$fpl$dretinf)
    __aeabi_cdrcmple                         0x08000c11   Thumb Code     0  drleqf.o(x$fpl$drleqf)
    _drcmple                                 0x08000c11   Thumb Code   108  drleqf.o(x$fpl$drleqf)
    __aeabi_dsub                             0x08000c7d   Thumb Code     0  daddsub_clz.o(x$fpl$dsub)
    _dsub                                    0x08000c7d   Thumb Code   464  daddsub_clz.o(x$fpl$dsub)
    _fp_init                                 0x08000e51   Thumb Code    10  fpinit.o(x$fpl$fpinit)
    __fplib_config_fpu_vfp                   0x08000e59   Thumb Code     0  fpinit.o(x$fpl$fpinit)
    __fplib_config_pureend_doubles           0x08000e59   Thumb Code     0  fpinit.o(x$fpl$fpinit)
    AHBPrescTable                            0x08000e5a   Data          16  system_stm32f4xx.o(.constdata)
    __I$use$fp                               0x08000e5a   Number         0  usenofp.o(x$fpl$usenofp)
    Region$$Table$$Base                      0x08000e6c   Number         0  anon$$obj.o(Region$$Table)
    Region$$Table$$Limit                     0x08000e8c   Number         0  anon$$obj.o(Region$$Table)
    delay_couter                             0x20000000   Data           4  main.o(.data)
    ms_counter                               0x20000004   Data           4  main.o(.data)
    max_volt                                 0x20000008   Data           2  main.o(.data)
    dreb_counter                             0x2000000c   Data           1  my_exti.o(.data)
    obr_begun                                0x2000000d   Data           1  my_exti.o(.data)
    presses                                  0x20000010   Data           4  my_exti.o(.data)
    true_presses                             0x20000014   Data           4  my_exti.o(.data)
    ADC_result                               0x20000018   Data           2  adc.o(.data)
    ADC_summ                                 0x2000001c   Data           4  adc.o(.data)
    fla                                      0x20000020   Data           4  adc.o(.data)
    per                                      0x20000024   Data           4  tim.o(.data)
    flag                                     0x20000028   Data           1  tim.o(.data)
    time                                     0x2000002c   Data           4  tim.o(.data)
    PWM_point                                0x20000030   Data           8  hard_pwm.o(.data)
    inc                                      0x20000038   Data           8  hard_pwm.o(.data)
    dinc                                     0x20000040   Data           8  hard_pwm.o(.data)
    SystemCoreClock                          0x20000048   Data           4  system_stm32f4xx.o(.data)
    ADC_in                                   0x2000004c   Data         100  adc.o(.bss)
    __libspace_start                         0x200000b0   Data          96  libspace.o(.bss)
    __temporary_stack_top$libspace           0x20000110   Data           0  libspace.o(.bss)



==============================================================================

Memory Map of the image

  Image Entry point : 0x08000229

  Load Region LR_1 (Base: 0x08000000, Size: 0x00000ed8, Max: 0xffffffff, ABSOLUTE)

    Execution Region ER_RO (Exec base: 0x08000000, Load base: 0x08000000, Size: 0x00000e8c, Max: 0xffffffff, ABSOLUTE)

    Exec Addr    Load Addr    Size         Type   Attr      Idx    E Section Name        Object

    0x08000000   0x08000000   0x00000188   Data   RO         1175    RESET               startup_stm32f407xx.o
    0x08000188   0x08000188   0x00000008   Code   RO         1235  * !!!main             c_w.l(__main.o)
    0x08000190   0x08000190   0x00000034   Code   RO         1443    !!!scatter          c_w.l(__scatter.o)
    0x080001c4   0x080001c4   0x0000001a   Code   RO         1445    !!handler_copy      c_w.l(__scatter_copy.o)
    0x080001de   0x080001de   0x00000002   PAD
    0x080001e0   0x080001e0   0x0000001c   Code   RO         1447    !!handler_zi        c_w.l(__scatter_zi.o)
    0x080001fc   0x080001fc   0x00000002   Code   RO         1309    .ARM.Collect$$libinit$$00000000  c_w.l(libinit.o)
    0x080001fe   0x080001fe   0x00000004   Code   RO         1319    .ARM.Collect$$libinit$$00000001  c_w.l(libinit2.o)
    0x08000202   0x08000202   0x00000000   Code   RO         1322    .ARM.Collect$$libinit$$00000004  c_w.l(libinit2.o)
    0x08000202   0x08000202   0x00000000   Code   RO         1325    .ARM.Collect$$libinit$$0000000A  c_w.l(libinit2.o)
    0x08000202   0x08000202   0x00000000   Code   RO         1327    .ARM.Collect$$libinit$$0000000C  c_w.l(libinit2.o)
    0x08000202   0x08000202   0x00000000   Code   RO         1329    .ARM.Collect$$libinit$$0000000E  c_w.l(libinit2.o)
    0x08000202   0x08000202   0x00000000   Code   RO         1332    .ARM.Collect$$libinit$$00000011  c_w.l(libinit2.o)
    0x08000202   0x08000202   0x00000000   Code   RO         1334    .ARM.Collect$$libinit$$00000013  c_w.l(libinit2.o)
    0x08000202   0x08000202   0x00000000   Code   RO         1336    .ARM.Collect$$libinit$$00000015  c_w.l(libinit2.o)
    0x08000202   0x08000202   0x00000000   Code   RO         1338    .ARM.Collect$$libinit$$00000017  c_w.l(libinit2.o)
    0x08000202   0x08000202   0x00000000   Code   RO         1340    .ARM.Collect$$libinit$$00000019  c_w.l(libinit2.o)
    0x08000202   0x08000202   0x00000000   Code   RO         1342    .ARM.Collect$$libinit$$0000001B  c_w.l(libinit2.o)
    0x08000202   0x08000202   0x00000000   Code   RO         1344    .ARM.Collect$$libinit$$0000001D  c_w.l(libinit2.o)
    0x08000202   0x08000202   0x00000000   Code   RO         1346    .ARM.Collect$$libinit$$0000001F  c_w.l(libinit2.o)
    0x08000202   0x08000202   0x00000000   Code   RO         1348    .ARM.Collect$$libinit$$00000021  c_w.l(libinit2.o)
    0x08000202   0x08000202   0x00000000   Code   RO         1350    .ARM.Collect$$libinit$$00000023  c_w.l(libinit2.o)
    0x08000202   0x08000202   0x00000000   Code   RO         1352    .ARM.Collect$$libinit$$00000025  c_w.l(libinit2.o)
    0x08000202   0x08000202   0x00000000   Code   RO         1356    .ARM.Collect$$libinit$$0000002C  c_w.l(libinit2.o)
    0x08000202   0x08000202   0x00000000   Code   RO         1358    .ARM.Collect$$libinit$$0000002E  c_w.l(libinit2.o)
    0x08000202   0x08000202   0x00000000   Code   RO         1360    .ARM.Collect$$libinit$$00000030  c_w.l(libinit2.o)
    0x08000202   0x08000202   0x00000000   Code   RO         1362    .ARM.Collect$$libinit$$00000032  c_w.l(libinit2.o)
    0x08000202   0x08000202   0x00000002   Code   RO         1363    .ARM.Collect$$libinit$$00000033  c_w.l(libinit2.o)
    0x08000204   0x08000204   0x00000002   Code   RO         1393    .ARM.Collect$$libshutdown$$00000000  c_w.l(libshutdown.o)
    0x08000206   0x08000206   0x00000000   Code   RO         1410    .ARM.Collect$$libshutdown$$00000002  c_w.l(libshutdown2.o)
    0x08000206   0x08000206   0x00000000   Code   RO         1412    .ARM.Collect$$libshutdown$$00000004  c_w.l(libshutdown2.o)
    0x08000206   0x08000206   0x00000000   Code   RO         1415    .ARM.Collect$$libshutdown$$00000007  c_w.l(libshutdown2.o)
    0x08000206   0x08000206   0x00000000   Code   RO         1418    .ARM.Collect$$libshutdown$$0000000A  c_w.l(libshutdown2.o)
    0x08000206   0x08000206   0x00000000   Code   RO         1420    .ARM.Collect$$libshutdown$$0000000C  c_w.l(libshutdown2.o)
    0x08000206   0x08000206   0x00000000   Code   RO         1423    .ARM.Collect$$libshutdown$$0000000F  c_w.l(libshutdown2.o)
    0x08000206   0x08000206   0x00000002   Code   RO         1424    .ARM.Collect$$libshutdown$$00000010  c_w.l(libshutdown2.o)
    0x08000208   0x08000208   0x00000000   Code   RO         1261    .ARM.Collect$$rtentry$$00000000  c_w.l(__rtentry.o)
    0x08000208   0x08000208   0x00000000   Code   RO         1278    .ARM.Collect$$rtentry$$00000002  c_w.l(__rtentry2.o)
    0x08000208   0x08000208   0x00000006   Code   RO         1290    .ARM.Collect$$rtentry$$00000004  c_w.l(__rtentry4.o)
    0x0800020e   0x0800020e   0x00000000   Code   RO         1280    .ARM.Collect$$rtentry$$00000009  c_w.l(__rtentry2.o)
    0x0800020e   0x0800020e   0x00000004   Code   RO         1281    .ARM.Collect$$rtentry$$0000000A  c_w.l(__rtentry2.o)
    0x08000212   0x08000212   0x00000000   Code   RO         1283    .ARM.Collect$$rtentry$$0000000C  c_w.l(__rtentry2.o)
    0x08000212   0x08000212   0x00000008   Code   RO         1284    .ARM.Collect$$rtentry$$0000000D  c_w.l(__rtentry2.o)
    0x0800021a   0x0800021a   0x00000002   Code   RO         1313    .ARM.Collect$$rtexit$$00000000  c_w.l(rtexit.o)
    0x0800021c   0x0800021c   0x00000000   Code   RO         1365    .ARM.Collect$$rtexit$$00000002  c_w.l(rtexit2.o)
    0x0800021c   0x0800021c   0x00000004   Code   RO         1366    .ARM.Collect$$rtexit$$00000003  c_w.l(rtexit2.o)
    0x08000220   0x08000220   0x00000006   Code   RO         1367    .ARM.Collect$$rtexit$$00000004  c_w.l(rtexit2.o)
    0x08000226   0x08000226   0x00000002   PAD
    0x08000228   0x08000228   0x00000040   Code   RO         1176  * .text               startup_stm32f407xx.o
    0x08000268   0x08000268   0x00000006   Code   RO         1233    .text               c_w.l(heapauxi.o)
    0x0800026e   0x0800026e   0x0000004a   Code   RO         1298    .text               c_w.l(sys_stackheap_outer.o)
    0x080002b8   0x080002b8   0x00000012   Code   RO         1302    .text               c_w.l(exit.o)
    0x080002ca   0x080002ca   0x00000002   PAD
    0x080002cc   0x080002cc   0x00000008   Code   RO         1310    .text               c_w.l(libspace.o)
    0x080002d4   0x080002d4   0x0000000c   Code   RO         1381    .text               c_w.l(sys_exit.o)
    0x080002e0   0x080002e0   0x00000002   Code   RO         1398    .text               c_w.l(use_no_semi.o)
    0x080002e2   0x080002e2   0x00000000   Code   RO         1400    .text               c_w.l(indicate_semi.o)
    0x080002e2   0x080002e2   0x00000002   PAD
    0x080002e4   0x080002e4   0x00000104   Code   RO          174    i.ADC_DMA_ini       adc.o
    0x080003e8   0x080003e8   0x00000038   Code   RO          175    i.ADC_IRQHandler    adc.o
    0x08000420   0x08000420   0x00000068   Code   RO          179    i.DMA2_Stream0_IRQHandler  adc.o
    0x08000488   0x08000488   0x00000088   Code   RO          128    i.EXTI0_IRQHandler  my_exti.o
    0x08000510   0x08000510   0x00000024   Code   RO          100    i.LEDS_ini          leds.o
    0x08000534   0x08000534   0x000000ec   Code   RO         1183    i.SetSysClock       system_stm32f4xx.o
    0x08000620   0x08000620   0x00000028   Code   RO            4    i.SysTick_Handler   main.o
    0x08000648   0x08000648   0x000000c0   Code   RO         1184    i.SystemCoreClockUpdate  system_stm32f4xx.o
    0x08000708   0x08000708   0x00000068   Code   RO         1185    i.SystemInit        system_stm32f4xx.o
    0x08000770   0x08000770   0x000000e8   Code   RO          241    i.TIM2_IRQHandler   tim.o
    0x08000858   0x08000858   0x00000022   Code   RO          180    i.__NVIC_EnableIRQ  adc.o
    0x0800087a   0x0800087a   0x00000002   PAD
    0x0800087c   0x0800087c   0x0000008c   Code   RO            6    i.main              main.o
    0x08000908   0x08000908   0x00000150   Code   RO         1237    x$fpl$dadd          fz_wm.l(daddsub_clz.o)
    0x08000a58   0x08000a58   0x00000018   Code   RO         1296    x$fpl$dcmpinf       fz_wm.l(dcmpi.o)
    0x08000a70   0x08000a70   0x0000005a   Code   RO         1247    x$fpl$dfixu         fz_wm.l(dfixu.o)
    0x08000aca   0x08000aca   0x00000026   Code   RO         1251    x$fpl$dfltu         fz_wm.l(dflt_clz.o)
    0x08000af0   0x08000af0   0x00000078   Code   RO         1270    x$fpl$dleqf         fz_wm.l(dleqf.o)
    0x08000b68   0x08000b68   0x0000009c   Code   RO         1272    x$fpl$dnaninf       fz_wm.l(dnaninf.o)
    0x08000c04   0x08000c04   0x0000000c   Code   RO         1274    x$fpl$dretinf       fz_wm.l(dretinf.o)
    0x08000c10   0x08000c10   0x0000006c   Code   RO         1259    x$fpl$drleqf        fz_wm.l(drleqf.o)
    0x08000c7c   0x08000c7c   0x000001d4   Code   RO         1239    x$fpl$dsub          fz_wm.l(daddsub_clz.o)
    0x08000e50   0x08000e50   0x0000000a   Code   RO         1379    x$fpl$fpinit        fz_wm.l(fpinit.o)
    0x08000e5a   0x08000e5a   0x00000000   Code   RO         1276    x$fpl$usenofp       fz_wm.l(usenofp.o)
    0x08000e5a   0x08000e5a   0x00000010   Data   RO         1186    .constdata          system_stm32f4xx.o
    0x08000e6a   0x08000e6a   0x00000002   PAD
    0x08000e6c   0x08000e6c   0x00000020   Data   RO         1441    Region$$Table       anon$$obj.o


    Execution Region ER_RW (Exec base: 0x20000000, Load base: 0x08000e8c, Size: 0x0000004c, Max: 0xffffffff, ABSOLUTE)

    Exec Addr    Load Addr    Size         Type   Attr      Idx    E Section Name        Object

    0x20000000   0x08000e8c   0x0000000a   Data   RW            7    .data               main.o
    0x2000000a   0x08000e96   0x00000002   PAD
    0x2000000c   0x08000e98   0x0000000c   Data   RW          131    .data               my_exti.o
    0x20000018   0x08000ea4   0x0000000c   Data   RW          182    .data               adc.o
    0x20000024   0x08000eb0   0x0000000c   Data   RW          243    .data               tim.o
    0x20000030   0x08000ebc   0x00000018   Data   RW          313    .data               hard_pwm.o
    0x20000048   0x08000ed4   0x00000004   Data   RW         1187    .data               system_stm32f4xx.o


    Execution Region ER_ZI (Exec base: 0x2000004c, Load base: 0x08000ed8, Size: 0x000006c4, Max: 0xffffffff, ABSOLUTE)

    Exec Addr    Load Addr    Size         Type   Attr      Idx    E Section Name        Object

    0x2000004c        -       0x00000064   Zero   RW          181    .bss                adc.o
    0x200000b0        -       0x00000060   Zero   RW         1311    .bss                c_w.l(libspace.o)
    0x20000110        -       0x00000200   Zero   RW         1174    HEAP                startup_stm32f407xx.o
    0x20000310        -       0x00000400   Zero   RW         1173    STACK               startup_stm32f407xx.o


==============================================================================

Image component sizes


      Code (inc. data)   RO Data    RW Data    ZI Data      Debug   Object Name

       454         50          0         12        100       2626   adc.o
         0          0          0         24          0        253   hard_pwm.o
        36         10          0          0          0        415   leds.o
       180         30          0         10          0     595091   main.o
       136         30          0         12          0       1169   my_exti.o
        64         26        392          0       1536        864   startup_stm32f407xx.o
       532         54         16          4          0       2893   system_stm32f4xx.o
       232         36          0         12          0        778   tim.o

    ----------------------------------------------------------------------
      1636        236        442         76       1636     604089   Object Totals
         0          0         32          0          0          0   (incl. Generated)
         2          0          2          2          0          0   (incl. Padding)

    ----------------------------------------------------------------------

      Code (inc. data)   RO Data    RW Data    ZI Data      Debug   Library Member Name

         8          0          0          0          0         68   __main.o
         0          0          0          0          0          0   __rtentry.o
        12          0          0          0          0          0   __rtentry2.o
         6          0          0          0          0          0   __rtentry4.o
        52          8          0          0          0          0   __scatter.o
        26          0          0          0          0          0   __scatter_copy.o
        28          0          0          0          0          0   __scatter_zi.o
        18          0          0          0          0         80   exit.o
         6          0          0          0          0        152   heapauxi.o
         0          0          0          0          0          0   indicate_semi.o
         2          0          0          0          0          0   libinit.o
         6          0          0          0          0          0   libinit2.o
         2          0          0          0          0          0   libshutdown.o
         2          0          0          0          0          0   libshutdown2.o
         8          4          0          0         96         68   libspace.o
         2          0          0          0          0          0   rtexit.o
        10          0          0          0          0          0   rtexit2.o
        12          4          0          0          0         68   sys_exit.o
        74          0          0          0          0         80   sys_stackheap_outer.o
         2          0          0          0          0         68   use_no_semi.o
       804         16          0          0          0        368   daddsub_clz.o
        24          0          0          0          0        116   dcmpi.o
        90          4          0          0          0        140   dfixu.o
        38          0          0          0          0        116   dflt_clz.o
       120          4          0          0          0        140   dleqf.o
       156          4          0          0          0        140   dnaninf.o
        12          0          0          0          0        116   dretinf.o
       108          0          0          0          0        128   drleqf.o
        10          0          0          0          0        116   fpinit.o
         0          0          0          0          0          0   usenofp.o

    ----------------------------------------------------------------------
      1646         44          0          0         96       1964   Library Totals
         8          0          0          0          0          0   (incl. Padding)

    ----------------------------------------------------------------------

      Code (inc. data)   RO Data    RW Data    ZI Data      Debug   Library Name

       276         16          0          0         96        584   c_w.l
      1362         28          0          0          0       1380   fz_wm.l

    ----------------------------------------------------------------------
      1646         44          0          0         96       1964   Library Totals

    ----------------------------------------------------------------------

==============================================================================


      Code (inc. data)   RO Data    RW Data    ZI Data      Debug   

      3282        280        442         76       1732     604197   Grand Totals
      3282        280        442         76       1732     604197   ELF Image Totals
      3282        280        442         76          0          0   ROM Totals

==============================================================================

    Total RO  Size (Code + RO Data)                 3724 (   3.64kB)
    Total RW  Size (RW Data + ZI Data)              1808 (   1.77kB)
    Total ROM Size (Code + RO Data + RW Data)       3800 (   3.71kB)

==============================================================================

